+ python -m pip install huggingface-hub==0.20.2 transformers==4.36.2 tokenizers==0.15.0 pydantic==1.10.9 opencv-python==4.7.0.72 timm==0.6.13 ultralytics==8.3.27 tqdm==4.64.1
Requirement already satisfied: huggingface-hub==0.20.2 in /home/jihoon/temp/miniconda-test/envs/RVCD_BW/lib/python3.10/site-packages (0.20.2)
Requirement already satisfied: transformers==4.36.2 in /home/jihoon/temp/miniconda-test/envs/RVCD_BW/lib/python3.10/site-packages (4.36.2)
Requirement already satisfied: tokenizers==0.15.0 in /home/jihoon/temp/miniconda-test/envs/RVCD_BW/lib/python3.10/site-packages (0.15.0)
Requirement already satisfied: pydantic==1.10.9 in /home/jihoon/temp/miniconda-test/envs/RVCD_BW/lib/python3.10/site-packages (1.10.9)
Requirement already satisfied: opencv-python==4.7.0.72 in /home/jihoon/temp/miniconda-test/envs/RVCD_BW/lib/python3.10/site-packages (4.7.0.72)
Requirement already satisfied: timm==0.6.13 in /home/jihoon/temp/miniconda-test/envs/RVCD_BW/lib/python3.10/site-packages (0.6.13)
Requirement already satisfied: ultralytics==8.3.27 in /home/jihoon/temp/miniconda-test/envs/RVCD_BW/lib/python3.10/site-packages (8.3.27)
Requirement already satisfied: tqdm==4.64.1 in /home/jihoon/temp/miniconda-test/envs/RVCD_BW/lib/python3.10/site-packages (4.64.1)
Requirement already satisfied: filelock in /home/jihoon/temp/miniconda-test/envs/RVCD_BW/lib/python3.10/site-packages (from huggingface-hub==0.20.2) (3.29.0)
Requirement already satisfied: fsspec>=2023.5.0 in /home/jihoon/temp/miniconda-test/envs/RVCD_BW/lib/python3.10/site-packages (from huggingface-hub==0.20.2) (2026.4.0)
Requirement already satisfied: requests in /home/jihoon/temp/miniconda-test/envs/RVCD_BW/lib/python3.10/site-packages (from huggingface-hub==0.20.2) (2.34.2)
Requirement already satisfied: pyyaml>=5.1 in /home/jihoon/temp/miniconda-test/envs/RVCD_BW/lib/python3.10/site-packages (from huggingface-hub==0.20.2) (6.0)
Requirement already satisfied: typing-extensions>=3.7.4.3 in /home/jihoon/temp/miniconda-test/envs/RVCD_BW/lib/python3.10/site-packages (from huggingface-hub==0.20.2) (4.15.0)
Requirement already satisfied: packaging>=20.9 in /home/jihoon/temp/miniconda-test/envs/RVCD_BW/lib/python3.10/site-packages (from huggingface-hub==0.20.2) (26.0)
Requirement already satisfied: numpy>=1.17 in /home/jihoon/temp/miniconda-test/envs/RVCD_BW/lib/python3.10/site-packages (from transformers==4.36.2) (1.26.4)
Requirement already satisfied: regex!=2019.12.17 in /home/jihoon/temp/miniconda-test/envs/RVCD_BW/lib/python3.10/site-packages (from transformers==4.36.2) (2022.10.31)
Requirement already satisfied: safetensors>=0.3.1 in /home/jihoon/temp/miniconda-test/envs/RVCD_BW/lib/python3.10/site-packages (from transformers==4.36.2) (0.7.0)
Requirement already satisfied: torch>=1.7 in /home/jihoon/temp/miniconda-test/envs/RVCD_BW/lib/python3.10/site-packages (from timm==0.6.13) (2.7.1+cu128)
Requirement already satisfied: torchvision in /home/jihoon/temp/miniconda-test/envs/RVCD_BW/lib/python3.10/site-packages (from timm==0.6.13) (0.22.1+cu128)
Requirement already satisfied: matplotlib>=3.3.0 in /home/jihoon/temp/miniconda-test/envs/RVCD_BW/lib/python3.10/site-packages (from ultralytics==8.3.27) (3.7.0)
Requirement already satisfied: pillow>=7.1.2 in /home/jihoon/temp/miniconda-test/envs/RVCD_BW/lib/python3.10/site-packages (from ultralytics==8.3.27) (10.4.0)
Requirement already satisfied: scipy>=1.4.1 in /home/jihoon/temp/miniconda-test/envs/RVCD_BW/lib/python3.10/site-packages (from ultralytics==8.3.27) (1.15.3)
Requirement already satisfied: psutil in /home/jihoon/temp/miniconda-test/envs/RVCD_BW/lib/python3.10/site-packages (from ultralytics==8.3.27) (5.9.4)
Requirement already satisfied: py-cpuinfo in /home/jihoon/temp/miniconda-test/envs/RVCD_BW/lib/python3.10/site-packages (from ultralytics==8.3.27) (9.0.0)
Requirement already satisfied: pandas>=1.1.4 in /home/jihoon/temp/miniconda-test/envs/RVCD_BW/lib/python3.10/site-packages (from ultralytics==8.3.27) (2.3.3)
Requirement already satisfied: seaborn>=0.11.0 in /home/jihoon/temp/miniconda-test/envs/RVCD_BW/lib/python3.10/site-packages (from ultralytics==8.3.27) (0.13.2)
Requirement already satisfied: ultralytics-thop>=2.0.0 in /home/jihoon/temp/miniconda-test/envs/RVCD_BW/lib/python3.10/site-packages (from ultralytics==8.3.27) (2.0.19)
Requirement already satisfied: contourpy>=1.0.1 in /home/jihoon/temp/miniconda-test/envs/RVCD_BW/lib/python3.10/site-packages (from matplotlib>=3.3.0->ultralytics==8.3.27) (1.3.2)
Requirement already satisfied: cycler>=0.10 in /home/jihoon/temp/miniconda-test/envs/RVCD_BW/lib/python3.10/site-packages (from matplotlib>=3.3.0->ultralytics==8.3.27) (0.12.1)
Requirement already satisfied: fonttools>=4.22.0 in /home/jihoon/temp/miniconda-test/envs/RVCD_BW/lib/python3.10/site-packages (from matplotlib>=3.3.0->ultralytics==8.3.27) (4.63.0)
Requirement already satisfied: kiwisolver>=1.0.1 in /home/jihoon/temp/miniconda-test/envs/RVCD_BW/lib/python3.10/site-packages (from matplotlib>=3.3.0->ultralytics==8.3.27) (1.5.0)
Requirement already satisfied: pyparsing>=2.3.1 in /home/jihoon/temp/miniconda-test/envs/RVCD_BW/lib/python3.10/site-packages (from matplotlib>=3.3.0->ultralytics==8.3.27) (3.3.2)
Requirement already satisfied: python-dateutil>=2.7 in /home/jihoon/temp/miniconda-test/envs/RVCD_BW/lib/python3.10/site-packages (from matplotlib>=3.3.0->ultralytics==8.3.27) (2.9.0.post0)
Requirement already satisfied: pytz>=2020.1 in /home/jihoon/temp/miniconda-test/envs/RVCD_BW/lib/python3.10/site-packages (from pandas>=1.1.4->ultralytics==8.3.27) (2026.2)
Requirement already satisfied: tzdata>=2022.7 in /home/jihoon/temp/miniconda-test/envs/RVCD_BW/lib/python3.10/site-packages (from pandas>=1.1.4->ultralytics==8.3.27) (2026.2)
Requirement already satisfied: six>=1.5 in /home/jihoon/temp/miniconda-test/envs/RVCD_BW/lib/python3.10/site-packages (from python-dateutil>=2.7->matplotlib>=3.3.0->ultralytics==8.3.27) (1.17.0)
Requirement already satisfied: charset_normalizer<4,>=2 in /home/jihoon/temp/miniconda-test/envs/RVCD_BW/lib/python3.10/site-packages (from requests->huggingface-hub==0.20.2) (3.4.7)
Requirement already satisfied: idna<4,>=2.5 in /home/jihoon/temp/miniconda-test/envs/RVCD_BW/lib/python3.10/site-packages (from requests->huggingface-hub==0.20.2) (3.16)
Requirement already satisfied: urllib3<3,>=1.26 in /home/jihoon/temp/miniconda-test/envs/RVCD_BW/lib/python3.10/site-packages (from requests->huggingface-hub==0.20.2) (2.7.0)
Requirement already satisfied: certifi>=2023.5.7 in /home/jihoon/temp/miniconda-test/envs/RVCD_BW/lib/python3.10/site-packages (from requests->huggingface-hub==0.20.2) (2026.5.20)
Requirement already satisfied: sympy>=1.13.3 in /home/jihoon/temp/miniconda-test/envs/RVCD_BW/lib/python3.10/site-packages (from torch>=1.7->timm==0.6.13) (1.14.0)
Requirement already satisfied: networkx in /home/jihoon/temp/miniconda-test/envs/RVCD_BW/lib/python3.10/site-packages (from torch>=1.7->timm==0.6.13) (3.4.2)
Requirement already satisfied: jinja2 in /home/jihoon/temp/miniconda-test/envs/RVCD_BW/lib/python3.10/site-packages (from torch>=1.7->timm==0.6.13) (3.1.6)
Requirement already satisfied: nvidia-cuda-nvrtc-cu12==12.8.61 in /home/jihoon/temp/miniconda-test/envs/RVCD_BW/lib/python3.10/site-packages (from torch>=1.7->timm==0.6.13) (12.8.61)
Requirement already satisfied: nvidia-cuda-runtime-cu12==12.8.57 in /home/jihoon/temp/miniconda-test/envs/RVCD_BW/lib/python3.10/site-packages (from torch>=1.7->timm==0.6.13) (12.8.57)
Requirement already satisfied: nvidia-cuda-cupti-cu12==12.8.57 in /home/jihoon/temp/miniconda-test/envs/RVCD_BW/lib/python3.10/site-packages (from torch>=1.7->timm==0.6.13) (12.8.57)
Requirement already satisfied: nvidia-cudnn-cu12==9.7.1.26 in /home/jihoon/temp/miniconda-test/envs/RVCD_BW/lib/python3.10/site-packages (from torch>=1.7->timm==0.6.13) (9.7.1.26)
Requirement already satisfied: nvidia-cublas-cu12==12.8.3.14 in /home/jihoon/temp/miniconda-test/envs/RVCD_BW/lib/python3.10/site-packages (from torch>=1.7->timm==0.6.13) (12.8.3.14)
Requirement already satisfied: nvidia-cufft-cu12==11.3.3.41 in /home/jihoon/temp/miniconda-test/envs/RVCD_BW/lib/python3.10/site-packages (from torch>=1.7->timm==0.6.13) (11.3.3.41)
Requirement already satisfied: nvidia-curand-cu12==10.3.9.55 in /home/jihoon/temp/miniconda-test/envs/RVCD_BW/lib/python3.10/site-packages (from torch>=1.7->timm==0.6.13) (10.3.9.55)
Requirement already satisfied: nvidia-cusolver-cu12==11.7.2.55 in /home/jihoon/temp/miniconda-test/envs/RVCD_BW/lib/python3.10/site-packages (from torch>=1.7->timm==0.6.13) (11.7.2.55)
Requirement already satisfied: nvidia-cusparse-cu12==12.5.7.53 in /home/jihoon/temp/miniconda-test/envs/RVCD_BW/lib/python3.10/site-packages (from torch>=1.7->timm==0.6.13) (12.5.7.53)
Requirement already satisfied: nvidia-cusparselt-cu12==0.6.3 in /home/jihoon/temp/miniconda-test/envs/RVCD_BW/lib/python3.10/site-packages (from torch>=1.7->timm==0.6.13) (0.6.3)
Requirement already satisfied: nvidia-nccl-cu12==2.26.2 in /home/jihoon/temp/miniconda-test/envs/RVCD_BW/lib/python3.10/site-packages (from torch>=1.7->timm==0.6.13) (2.26.2)
Requirement already satisfied: nvidia-nvtx-cu12==12.8.55 in /home/jihoon/temp/miniconda-test/envs/RVCD_BW/lib/python3.10/site-packages (from torch>=1.7->timm==0.6.13) (12.8.55)
Requirement already satisfied: nvidia-nvjitlink-cu12==12.8.61 in /home/jihoon/temp/miniconda-test/envs/RVCD_BW/lib/python3.10/site-packages (from torch>=1.7->timm==0.6.13) (12.8.61)
Requirement already satisfied: nvidia-cufile-cu12==1.13.0.11 in /home/jihoon/temp/miniconda-test/envs/RVCD_BW/lib/python3.10/site-packages (from torch>=1.7->timm==0.6.13) (1.13.0.11)
Requirement already satisfied: triton==3.3.1 in /home/jihoon/temp/miniconda-test/envs/RVCD_BW/lib/python3.10/site-packages (from torch>=1.7->timm==0.6.13) (3.3.1)
Requirement already satisfied: setuptools>=40.8.0 in /home/jihoon/temp/miniconda-test/envs/RVCD_BW/lib/python3.10/site-packages (from triton==3.3.1->torch>=1.7->timm==0.6.13) (80.10.2)
Requirement already satisfied: mpmath<1.4,>=1.1.0 in /home/jihoon/temp/miniconda-test/envs/RVCD_BW/lib/python3.10/site-packages (from sympy>=1.13.3->torch>=1.7->timm==0.6.13) (1.3.0)
Requirement already satisfied: MarkupSafe>=2.0 in /home/jihoon/temp/miniconda-test/envs/RVCD_BW/lib/python3.10/site-packages (from jinja2->torch>=1.7->timm==0.6.13) (2.1.5)

[notice] A new release of pip is available: 25.3 -> 26.1.1
[notice] To update, run: pip install --upgrade pip
+ python -m pip install huggingface-hub==0.20.2 transformers==4.36.2 tokenizers==0.15.0 pydantic==1.10.9 opencv-python==4.7.0.72 timm==0.6.13 ultralytics==8.3.27 tqdm==4.64.1
Requirement already satisfied: huggingface-hub==0.20.2 in /venv/RVCD/lib/python3.9/site-packages (0.20.2)
Requirement already satisfied: transformers==4.36.2 in /venv/RVCD/lib/python3.9/site-packages (4.36.2)
Requirement already satisfied: tokenizers==0.15.0 in /venv/RVCD/lib/python3.9/site-packages (0.15.0)
Requirement already satisfied: pydantic==1.10.9 in /venv/RVCD/lib/python3.9/site-packages (1.10.9)
Requirement already satisfied: opencv-python==4.7.0.72 in /venv/RVCD/lib/python3.9/site-packages (4.7.0.72)
Requirement already satisfied: timm==0.6.13 in /venv/RVCD/lib/python3.9/site-packages (0.6.13)
Requirement already satisfied: ultralytics==8.3.27 in /venv/RVCD/lib/python3.9/site-packages (8.3.27)
Requirement already satisfied: tqdm==4.64.1 in /venv/RVCD/lib/python3.9/site-packages (4.64.1)
Requirement already satisfied: filelock in /venv/RVCD/lib/python3.9/site-packages (from huggingface-hub==0.20.2) (3.19.1)
Requirement already satisfied: fsspec>=2023.5.0 in /venv/RVCD/lib/python3.9/site-packages (from huggingface-hub==0.20.2) (2025.10.0)
Requirement already satisfied: requests in /venv/RVCD/lib/python3.9/site-packages (from huggingface-hub==0.20.2) (2.28.1)
Requirement already satisfied: pyyaml>=5.1 in /venv/RVCD/lib/python3.9/site-packages (from huggingface-hub==0.20.2) (6.0)
Requirement already satisfied: typing-extensions>=3.7.4.3 in /venv/RVCD/lib/python3.9/site-packages (from huggingface-hub==0.20.2) (4.15.0)
Requirement already satisfied: packaging>=20.9 in /venv/RVCD/lib/python3.9/site-packages (from huggingface-hub==0.20.2) (26.2)
Requirement already satisfied: numpy>=1.17 in /venv/RVCD/lib/python3.9/site-packages (from transformers==4.36.2) (1.26.4)
Requirement already satisfied: regex!=2019.12.17 in /venv/RVCD/lib/python3.9/site-packages (from transformers==4.36.2) (2022.10.31)
Requirement already satisfied: safetensors>=0.3.1 in /venv/RVCD/lib/python3.9/site-packages (from transformers==4.36.2) (0.7.0)
Requirement already satisfied: torch>=1.7 in /venv/RVCD/lib/python3.9/site-packages (from timm==0.6.13) (2.0.0+cu117)
Requirement already satisfied: torchvision in /venv/RVCD/lib/python3.9/site-packages (from timm==0.6.13) (0.15.1+cu117)
Requirement already satisfied: matplotlib>=3.3.0 in /venv/RVCD/lib/python3.9/site-packages (from ultralytics==8.3.27) (3.7.0)
Requirement already satisfied: pillow>=7.1.2 in /venv/RVCD/lib/python3.9/site-packages (from ultralytics==8.3.27) (10.4.0)
Requirement already satisfied: scipy>=1.4.1 in /venv/RVCD/lib/python3.9/site-packages (from ultralytics==8.3.27) (1.13.1)
Requirement already satisfied: psutil in /venv/RVCD/lib/python3.9/site-packages (from ultralytics==8.3.27) (5.9.4)
Requirement already satisfied: py-cpuinfo in /venv/RVCD/lib/python3.9/site-packages (from ultralytics==8.3.27) (9.0.0)
Requirement already satisfied: pandas>=1.1.4 in /venv/RVCD/lib/python3.9/site-packages (from ultralytics==8.3.27) (2.3.3)
Requirement already satisfied: seaborn>=0.11.0 in /venv/RVCD/lib/python3.9/site-packages (from ultralytics==8.3.27) (0.13.2)
Requirement already satisfied: ultralytics-thop>=2.0.0 in /venv/RVCD/lib/python3.9/site-packages (from ultralytics==8.3.27) (2.0.19)
Requirement already satisfied: contourpy>=1.0.1 in /venv/RVCD/lib/python3.9/site-packages (from matplotlib>=3.3.0->ultralytics==8.3.27) (1.3.0)
Requirement already satisfied: cycler>=0.10 in /venv/RVCD/lib/python3.9/site-packages (from matplotlib>=3.3.0->ultralytics==8.3.27) (0.12.1)
Requirement already satisfied: fonttools>=4.22.0 in /venv/RVCD/lib/python3.9/site-packages (from matplotlib>=3.3.0->ultralytics==8.3.27) (4.60.2)
Requirement already satisfied: kiwisolver>=1.0.1 in /venv/RVCD/lib/python3.9/site-packages (from matplotlib>=3.3.0->ultralytics==8.3.27) (1.4.7)
Requirement already satisfied: pyparsing>=2.3.1 in /venv/RVCD/lib/python3.9/site-packages (from matplotlib>=3.3.0->ultralytics==8.3.27) (3.3.2)
Requirement already satisfied: python-dateutil>=2.7 in /venv/RVCD/lib/python3.9/site-packages (from matplotlib>=3.3.0->ultralytics==8.3.27) (2.9.0.post0)
Requirement already satisfied: importlib-resources>=3.2.0 in /venv/RVCD/lib/python3.9/site-packages (from matplotlib>=3.3.0->ultralytics==8.3.27) (6.5.2)
Requirement already satisfied: zipp>=3.1.0 in /venv/RVCD/lib/python3.9/site-packages (from importlib-resources>=3.2.0->matplotlib>=3.3.0->ultralytics==8.3.27) (3.23.1)
Requirement already satisfied: pytz>=2020.1 in /venv/RVCD/lib/python3.9/site-packages (from pandas>=1.1.4->ultralytics==8.3.27) (2026.2)
Requirement already satisfied: tzdata>=2022.7 in /venv/RVCD/lib/python3.9/site-packages (from pandas>=1.1.4->ultralytics==8.3.27) (2026.2)
Requirement already satisfied: six>=1.5 in /venv/RVCD/lib/python3.9/site-packages (from python-dateutil>=2.7->matplotlib>=3.3.0->ultralytics==8.3.27) (1.17.0)
Requirement already satisfied: charset-normalizer<3,>=2 in /venv/RVCD/lib/python3.9/site-packages (from requests->huggingface-hub==0.20.2) (2.1.1)
Requirement already satisfied: idna<4,>=2.5 in /venv/RVCD/lib/python3.9/site-packages (from requests->huggingface-hub==0.20.2) (3.4)
Requirement already satisfied: urllib3<1.27,>=1.21.1 in /venv/RVCD/lib/python3.9/site-packages (from requests->huggingface-hub==0.20.2) (1.26.13)
Requirement already satisfied: certifi>=2017.4.17 in /venv/RVCD/lib/python3.9/site-packages (from requests->huggingface-hub==0.20.2) (2022.12.7)
Requirement already satisfied: sympy in /venv/RVCD/lib/python3.9/site-packages (from torch>=1.7->timm==0.6.13) (1.14.0)
Requirement already satisfied: networkx in /venv/RVCD/lib/python3.9/site-packages (from torch>=1.7->timm==0.6.13) (3.2.1)
Requirement already satisfied: jinja2 in /venv/RVCD/lib/python3.9/site-packages (from torch>=1.7->timm==0.6.13) (3.1.6)
Requirement already satisfied: triton==2.0.0 in /venv/RVCD/lib/python3.9/site-packages (from torch>=1.7->timm==0.6.13) (2.0.0)
Requirement already satisfied: cmake in /venv/RVCD/lib/python3.9/site-packages (from triton==2.0.0->torch>=1.7->timm==0.6.13) (3.25.0)
Requirement already satisfied: lit in /venv/RVCD/lib/python3.9/site-packages (from triton==2.0.0->torch>=1.7->timm==0.6.13) (15.0.7)
Requirement already satisfied: MarkupSafe>=2.0 in /venv/RVCD/lib/python3.9/site-packages (from jinja2->torch>=1.7->timm==0.6.13) (2.1.5)
Requirement already satisfied: mpmath<1.4,>=1.1.0 in /venv/RVCD/lib/python3.9/site-packages (from sympy->torch>=1.7->timm==0.6.13) (1.3.0)
WARNING: Running pip as the 'root' user can result in broken permissions and conflicting behaviour with the system package manager, possibly rendering your system unusable. It is recommended to use a virtual environment instead: https://pip.pypa.io/warnings/venv. Use the --root-user-action option if you know what you are doing and want to suppress this warning.

[notice] A new release of pip is available: 25.3 -> 26.0.1
[notice] To update, run: pip install --upgrade pip
+ python -m pip install huggingface-hub==0.20.2 transformers==4.36.2 tokenizers==0.15.0 pydantic==1.10.9 opencv-python==4.7.0.72 timm==0.6.13 ultralytics==8.3.27 tqdm==4.64.1
Requirement already satisfied: huggingface-hub==0.20.2 in /venv/RVCD/lib/python3.9/site-packages (0.20.2)
Requirement already satisfied: transformers==4.36.2 in /venv/RVCD/lib/python3.9/site-packages (4.36.2)
Requirement already satisfied: tokenizers==0.15.0 in /venv/RVCD/lib/python3.9/site-packages (0.15.0)
Requirement already satisfied: pydantic==1.10.9 in /venv/RVCD/lib/python3.9/site-packages (1.10.9)
Requirement already satisfied: opencv-python==4.7.0.72 in /venv/RVCD/lib/python3.9/site-packages (4.7.0.72)
Requirement already satisfied: timm==0.6.13 in /venv/RVCD/lib/python3.9/site-packages (0.6.13)
Requirement already satisfied: ultralytics==8.3.27 in /venv/RVCD/lib/python3.9/site-packages (8.3.27)
Requirement already satisfied: tqdm==4.64.1 in /venv/RVCD/lib/python3.9/site-packages (4.64.1)
Requirement already satisfied: filelock in /venv/RVCD/lib/python3.9/site-packages (from huggingface-hub==0.20.2) (3.19.1)
Requirement already satisfied: fsspec>=2023.5.0 in /venv/RVCD/lib/python3.9/site-packages (from huggingface-hub==0.20.2) (2025.10.0)
Requirement already satisfied: requests in /venv/RVCD/lib/python3.9/site-packages (from huggingface-hub==0.20.2) (2.28.1)
Requirement already satisfied: pyyaml>=5.1 in /venv/RVCD/lib/python3.9/site-packages (from huggingface-hub==0.20.2) (6.0)
Requirement already satisfied: typing-extensions>=3.7.4.3 in /venv/RVCD/lib/python3.9/site-packages (from huggingface-hub==0.20.2) (4.15.0)
Requirement already satisfied: packaging>=20.9 in /venv/RVCD/lib/python3.9/site-packages (from huggingface-hub==0.20.2) (26.2)
Requirement already satisfied: numpy>=1.17 in /venv/RVCD/lib/python3.9/site-packages (from transformers==4.36.2) (1.26.4)
Requirement already satisfied: regex!=2019.12.17 in /venv/RVCD/lib/python3.9/site-packages (from transformers==4.36.2) (2022.10.31)
Requirement already satisfied: safetensors>=0.3.1 in /venv/RVCD/lib/python3.9/site-packages (from transformers==4.36.2) (0.7.0)
Requirement already satisfied: torch>=1.7 in /venv/RVCD/lib/python3.9/site-packages (from timm==0.6.13) (2.0.0+cu117)
Requirement already satisfied: torchvision in /venv/RVCD/lib/python3.9/site-packages (from timm==0.6.13) (0.15.1+cu117)
Requirement already satisfied: matplotlib>=3.3.0 in /venv/RVCD/lib/python3.9/site-packages (from ultralytics==8.3.27) (3.7.0)
Requirement already satisfied: pillow>=7.1.2 in /venv/RVCD/lib/python3.9/site-packages (from ultralytics==8.3.27) (10.4.0)
Requirement already satisfied: scipy>=1.4.1 in /venv/RVCD/lib/python3.9/site-packages (from ultralytics==8.3.27) (1.13.1)
Requirement already satisfied: psutil in /venv/RVCD/lib/python3.9/site-packages (from ultralytics==8.3.27) (5.9.4)
Requirement already satisfied: py-cpuinfo in /venv/RVCD/lib/python3.9/site-packages (from ultralytics==8.3.27) (9.0.0)
Requirement already satisfied: pandas>=1.1.4 in /venv/RVCD/lib/python3.9/site-packages (from ultralytics==8.3.27) (2.3.3)
Requirement already satisfied: seaborn>=0.11.0 in /venv/RVCD/lib/python3.9/site-packages (from ultralytics==8.3.27) (0.13.2)
Requirement already satisfied: ultralytics-thop>=2.0.0 in /venv/RVCD/lib/python3.9/site-packages (from ultralytics==8.3.27) (2.0.19)
Requirement already satisfied: contourpy>=1.0.1 in /venv/RVCD/lib/python3.9/site-packages (from matplotlib>=3.3.0->ultralytics==8.3.27) (1.3.0)
Requirement already satisfied: cycler>=0.10 in /venv/RVCD/lib/python3.9/site-packages (from matplotlib>=3.3.0->ultralytics==8.3.27) (0.12.1)
Requirement already satisfied: fonttools>=4.22.0 in /venv/RVCD/lib/python3.9/site-packages (from matplotlib>=3.3.0->ultralytics==8.3.27) (4.60.2)
Requirement already satisfied: kiwisolver>=1.0.1 in /venv/RVCD/lib/python3.9/site-packages (from matplotlib>=3.3.0->ultralytics==8.3.27) (1.4.7)
Requirement already satisfied: pyparsing>=2.3.1 in /venv/RVCD/lib/python3.9/site-packages (from matplotlib>=3.3.0->ultralytics==8.3.27) (3.3.2)
Requirement already satisfied: python-dateutil>=2.7 in /venv/RVCD/lib/python3.9/site-packages (from matplotlib>=3.3.0->ultralytics==8.3.27) (2.9.0.post0)
Requirement already satisfied: importlib-resources>=3.2.0 in /venv/RVCD/lib/python3.9/site-packages (from matplotlib>=3.3.0->ultralytics==8.3.27) (6.5.2)
Requirement already satisfied: zipp>=3.1.0 in /venv/RVCD/lib/python3.9/site-packages (from importlib-resources>=3.2.0->matplotlib>=3.3.0->ultralytics==8.3.27) (3.23.1)
Requirement already satisfied: pytz>=2020.1 in /venv/RVCD/lib/python3.9/site-packages (from pandas>=1.1.4->ultralytics==8.3.27) (2026.2)
Requirement already satisfied: tzdata>=2022.7 in /venv/RVCD/lib/python3.9/site-packages (from pandas>=1.1.4->ultralytics==8.3.27) (2026.2)
Requirement already satisfied: six>=1.5 in /venv/RVCD/lib/python3.9/site-packages (from python-dateutil>=2.7->matplotlib>=3.3.0->ultralytics==8.3.27) (1.17.0)
Requirement already satisfied: charset-normalizer<3,>=2 in /venv/RVCD/lib/python3.9/site-packages (from requests->huggingface-hub==0.20.2) (2.1.1)
Requirement already satisfied: idna<4,>=2.5 in /venv/RVCD/lib/python3.9/site-packages (from requests->huggingface-hub==0.20.2) (3.4)
Requirement already satisfied: urllib3<1.27,>=1.21.1 in /venv/RVCD/lib/python3.9/site-packages (from requests->huggingface-hub==0.20.2) (1.26.13)
Requirement already satisfied: certifi>=2017.4.17 in /venv/RVCD/lib/python3.9/site-packages (from requests->huggingface-hub==0.20.2) (2022.12.7)
Requirement already satisfied: sympy in /venv/RVCD/lib/python3.9/site-packages (from torch>=1.7->timm==0.6.13) (1.14.0)
Requirement already satisfied: networkx in /venv/RVCD/lib/python3.9/site-packages (from torch>=1.7->timm==0.6.13) (3.2.1)
Requirement already satisfied: jinja2 in /venv/RVCD/lib/python3.9/site-packages (from torch>=1.7->timm==0.6.13) (3.1.6)
Requirement already satisfied: triton==2.0.0 in /venv/RVCD/lib/python3.9/site-packages (from torch>=1.7->timm==0.6.13) (2.0.0)
Requirement already satisfied: cmake in /venv/RVCD/lib/python3.9/site-packages (from triton==2.0.0->torch>=1.7->timm==0.6.13) (3.25.0)
Requirement already satisfied: lit in /venv/RVCD/lib/python3.9/site-packages (from triton==2.0.0->torch>=1.7->timm==0.6.13) (15.0.7)
Requirement already satisfied: MarkupSafe>=2.0 in /venv/RVCD/lib/python3.9/site-packages (from jinja2->torch>=1.7->timm==0.6.13) (2.1.5)
Requirement already satisfied: mpmath<1.4,>=1.1.0 in /venv/RVCD/lib/python3.9/site-packages (from sympy->torch>=1.7->timm==0.6.13) (1.3.0)
WARNING: Running pip as the 'root' user can result in broken permissions and conflicting behaviour with the system package manager, possibly rendering your system unusable. It is recommended to use a virtual environment instead: https://pip.pypa.io/warnings/venv. Use the --root-user-action option if you know what you are doing and want to suppress this warning.

[notice] A new release of pip is available: 25.3 -> 26.0.1
[notice] To update, run: pip install --upgrade pip
+ python -m pip install huggingface-hub==0.20.2 transformers==4.36.2 tokenizers==0.15.0 pydantic==1.10.9 opencv-python==4.7.0.72 timm==0.6.13 ultralytics==8.3.27 tqdm==4.64.1
Requirement already satisfied: huggingface-hub==0.20.2 in /venv/RVCD/lib/python3.9/site-packages (0.20.2)
Requirement already satisfied: transformers==4.36.2 in /venv/RVCD/lib/python3.9/site-packages (4.36.2)
Requirement already satisfied: tokenizers==0.15.0 in /venv/RVCD/lib/python3.9/site-packages (0.15.0)
Requirement already satisfied: pydantic==1.10.9 in /venv/RVCD/lib/python3.9/site-packages (1.10.9)
Requirement already satisfied: opencv-python==4.7.0.72 in /venv/RVCD/lib/python3.9/site-packages (4.7.0.72)
Requirement already satisfied: timm==0.6.13 in /venv/RVCD/lib/python3.9/site-packages (0.6.13)
Requirement already satisfied: ultralytics==8.3.27 in /venv/RVCD/lib/python3.9/site-packages (8.3.27)
Requirement already satisfied: tqdm==4.64.1 in /venv/RVCD/lib/python3.9/site-packages (4.64.1)
Requirement already satisfied: filelock in /venv/RVCD/lib/python3.9/site-packages (from huggingface-hub==0.20.2) (3.19.1)
Requirement already satisfied: fsspec>=2023.5.0 in /venv/RVCD/lib/python3.9/site-packages (from huggingface-hub==0.20.2) (2025.10.0)
Requirement already satisfied: requests in /venv/RVCD/lib/python3.9/site-packages (from huggingface-hub==0.20.2) (2.28.1)
Requirement already satisfied: pyyaml>=5.1 in /venv/RVCD/lib/python3.9/site-packages (from huggingface-hub==0.20.2) (6.0)
Requirement already satisfied: typing-extensions>=3.7.4.3 in /venv/RVCD/lib/python3.9/site-packages (from huggingface-hub==0.20.2) (4.15.0)
Requirement already satisfied: packaging>=20.9 in /venv/RVCD/lib/python3.9/site-packages (from huggingface-hub==0.20.2) (26.2)
Requirement already satisfied: numpy>=1.17 in /venv/RVCD/lib/python3.9/site-packages (from transformers==4.36.2) (1.26.4)
Requirement already satisfied: regex!=2019.12.17 in /venv/RVCD/lib/python3.9/site-packages (from transformers==4.36.2) (2022.10.31)
Requirement already satisfied: safetensors>=0.3.1 in /venv/RVCD/lib/python3.9/site-packages (from transformers==4.36.2) (0.7.0)
Requirement already satisfied: torch>=1.7 in /venv/RVCD/lib/python3.9/site-packages (from timm==0.6.13) (2.0.0+cu118)
Requirement already satisfied: torchvision in /venv/RVCD/lib/python3.9/site-packages (from timm==0.6.13) (0.15.1+cu118)
Requirement already satisfied: matplotlib>=3.3.0 in /venv/RVCD/lib/python3.9/site-packages (from ultralytics==8.3.27) (3.7.0)
Requirement already satisfied: pillow>=7.1.2 in /venv/RVCD/lib/python3.9/site-packages (from ultralytics==8.3.27) (10.4.0)
Requirement already satisfied: scipy>=1.4.1 in /venv/RVCD/lib/python3.9/site-packages (from ultralytics==8.3.27) (1.13.1)
Requirement already satisfied: psutil in /venv/RVCD/lib/python3.9/site-packages (from ultralytics==8.3.27) (5.9.4)
Requirement already satisfied: py-cpuinfo in /venv/RVCD/lib/python3.9/site-packages (from ultralytics==8.3.27) (9.0.0)
Requirement already satisfied: pandas>=1.1.4 in /venv/RVCD/lib/python3.9/site-packages (from ultralytics==8.3.27) (2.3.3)
Requirement already satisfied: seaborn>=0.11.0 in /venv/RVCD/lib/python3.9/site-packages (from ultralytics==8.3.27) (0.13.2)
Requirement already satisfied: ultralytics-thop>=2.0.0 in /venv/RVCD/lib/python3.9/site-packages (from ultralytics==8.3.27) (2.0.19)
Requirement already satisfied: contourpy>=1.0.1 in /venv/RVCD/lib/python3.9/site-packages (from matplotlib>=3.3.0->ultralytics==8.3.27) (1.3.0)
Requirement already satisfied: cycler>=0.10 in /venv/RVCD/lib/python3.9/site-packages (from matplotlib>=3.3.0->ultralytics==8.3.27) (0.12.1)
Requirement already satisfied: fonttools>=4.22.0 in /venv/RVCD/lib/python3.9/site-packages (from matplotlib>=3.3.0->ultralytics==8.3.27) (4.60.2)
Requirement already satisfied: kiwisolver>=1.0.1 in /venv/RVCD/lib/python3.9/site-packages (from matplotlib>=3.3.0->ultralytics==8.3.27) (1.4.7)
Requirement already satisfied: pyparsing>=2.3.1 in /venv/RVCD/lib/python3.9/site-packages (from matplotlib>=3.3.0->ultralytics==8.3.27) (3.3.2)
Requirement already satisfied: python-dateutil>=2.7 in /venv/RVCD/lib/python3.9/site-packages (from matplotlib>=3.3.0->ultralytics==8.3.27) (2.9.0.post0)
Requirement already satisfied: importlib-resources>=3.2.0 in /venv/RVCD/lib/python3.9/site-packages (from matplotlib>=3.3.0->ultralytics==8.3.27) (6.5.2)
Requirement already satisfied: zipp>=3.1.0 in /venv/RVCD/lib/python3.9/site-packages (from importlib-resources>=3.2.0->matplotlib>=3.3.0->ultralytics==8.3.27) (3.23.1)
Requirement already satisfied: pytz>=2020.1 in /venv/RVCD/lib/python3.9/site-packages (from pandas>=1.1.4->ultralytics==8.3.27) (2026.2)
Requirement already satisfied: tzdata>=2022.7 in /venv/RVCD/lib/python3.9/site-packages (from pandas>=1.1.4->ultralytics==8.3.27) (2026.2)
Requirement already satisfied: six>=1.5 in /venv/RVCD/lib/python3.9/site-packages (from python-dateutil>=2.7->matplotlib>=3.3.0->ultralytics==8.3.27) (1.17.0)
Requirement already satisfied: charset-normalizer<3,>=2 in /venv/RVCD/lib/python3.9/site-packages (from requests->huggingface-hub==0.20.2) (2.1.1)
Requirement already satisfied: idna<4,>=2.5 in /venv/RVCD/lib/python3.9/site-packages (from requests->huggingface-hub==0.20.2) (3.4)
Requirement already satisfied: urllib3<1.27,>=1.21.1 in /venv/RVCD/lib/python3.9/site-packages (from requests->huggingface-hub==0.20.2) (1.26.13)
Requirement already satisfied: certifi>=2017.4.17 in /venv/RVCD/lib/python3.9/site-packages (from requests->huggingface-hub==0.20.2) (2022.12.7)
Requirement already satisfied: sympy in /venv/RVCD/lib/python3.9/site-packages (from torch>=1.7->timm==0.6.13) (1.14.0)
Requirement already satisfied: networkx in /venv/RVCD/lib/python3.9/site-packages (from torch>=1.7->timm==0.6.13) (3.2.1)
Requirement already satisfied: jinja2 in /venv/RVCD/lib/python3.9/site-packages (from torch>=1.7->timm==0.6.13) (3.1.6)
Requirement already satisfied: triton==2.0.0 in /venv/RVCD/lib/python3.9/site-packages (from torch>=1.7->timm==0.6.13) (2.0.0)
Requirement already satisfied: cmake in /venv/RVCD/lib/python3.9/site-packages (from triton==2.0.0->torch>=1.7->timm==0.6.13) (3.25.0)
Requirement already satisfied: lit in /venv/RVCD/lib/python3.9/site-packages (from triton==2.0.0->torch>=1.7->timm==0.6.13) (15.0.7)
Requirement already satisfied: MarkupSafe>=2.0 in /venv/RVCD/lib/python3.9/site-packages (from jinja2->torch>=1.7->timm==0.6.13) (2.1.5)
Requirement already satisfied: mpmath<1.4,>=1.1.0 in /venv/RVCD/lib/python3.9/site-packages (from sympy->torch>=1.7->timm==0.6.13) (1.3.0)
WARNING: Running pip as the 'root' user can result in broken permissions and conflicting behaviour with the system package manager, possibly rendering your system unusable. It is recommended to use a virtual environment instead: https://pip.pypa.io/warnings/venv. Use the --root-user-action option if you know what you are doing and want to suppress this warning.

[notice] A new release of pip is available: 25.3 -> 26.0.1
[notice] To update, run: pip install --upgrade pip
+ python -m pip install huggingface-hub==0.20.2 transformers==4.36.2 tokenizers==0.15.0 pydantic==1.10.9 opencv-python==4.7.0.72 timm==0.6.13 ultralytics==8.3.27 tqdm==4.64.1
Requirement already satisfied: huggingface-hub==0.20.2 in /venv/RVCD/lib/python3.9/site-packages (0.20.2)
Requirement already satisfied: transformers==4.36.2 in /venv/RVCD/lib/python3.9/site-packages (4.36.2)
Requirement already satisfied: tokenizers==0.15.0 in /venv/RVCD/lib/python3.9/site-packages (0.15.0)
Requirement already satisfied: pydantic==1.10.9 in /venv/RVCD/lib/python3.9/site-packages (1.10.9)
Requirement already satisfied: opencv-python==4.7.0.72 in /venv/RVCD/lib/python3.9/site-packages (4.7.0.72)
Requirement already satisfied: timm==0.6.13 in /venv/RVCD/lib/python3.9/site-packages (0.6.13)
Requirement already satisfied: ultralytics==8.3.27 in /venv/RVCD/lib/python3.9/site-packages (8.3.27)
Requirement already satisfied: tqdm==4.64.1 in /venv/RVCD/lib/python3.9/site-packages (4.64.1)
Requirement already satisfied: filelock in /venv/RVCD/lib/python3.9/site-packages (from huggingface-hub==0.20.2) (3.19.1)
Requirement already satisfied: fsspec>=2023.5.0 in /venv/RVCD/lib/python3.9/site-packages (from huggingface-hub==0.20.2) (2025.10.0)
Requirement already satisfied: requests in /venv/RVCD/lib/python3.9/site-packages (from huggingface-hub==0.20.2) (2.28.1)
Requirement already satisfied: pyyaml>=5.1 in /venv/RVCD/lib/python3.9/site-packages (from huggingface-hub==0.20.2) (6.0)
Requirement already satisfied: typing-extensions>=3.7.4.3 in /venv/RVCD/lib/python3.9/site-packages (from huggingface-hub==0.20.2) (4.15.0)
Requirement already satisfied: packaging>=20.9 in /venv/RVCD/lib/python3.9/site-packages (from huggingface-hub==0.20.2) (26.2)
Requirement already satisfied: numpy>=1.17 in /venv/RVCD/lib/python3.9/site-packages (from transformers==4.36.2) (1.26.4)
Requirement already satisfied: regex!=2019.12.17 in /venv/RVCD/lib/python3.9/site-packages (from transformers==4.36.2) (2022.10.31)
Requirement already satisfied: safetensors>=0.3.1 in /venv/RVCD/lib/python3.9/site-packages (from transformers==4.36.2) (0.7.0)
Requirement already satisfied: torch>=1.7 in /venv/RVCD/lib/python3.9/site-packages (from timm==0.6.13) (2.0.0+cu118)
Requirement already satisfied: torchvision in /venv/RVCD/lib/python3.9/site-packages (from timm==0.6.13) (0.15.1+cu118)
Requirement already satisfied: matplotlib>=3.3.0 in /venv/RVCD/lib/python3.9/site-packages (from ultralytics==8.3.27) (3.7.0)
Requirement already satisfied: pillow>=7.1.2 in /venv/RVCD/lib/python3.9/site-packages (from ultralytics==8.3.27) (10.4.0)
Requirement already satisfied: scipy>=1.4.1 in /venv/RVCD/lib/python3.9/site-packages (from ultralytics==8.3.27) (1.13.1)
Requirement already satisfied: psutil in /venv/RVCD/lib/python3.9/site-packages (from ultralytics==8.3.27) (5.9.4)
Requirement already satisfied: py-cpuinfo in /venv/RVCD/lib/python3.9/site-packages (from ultralytics==8.3.27) (9.0.0)
Requirement already satisfied: pandas>=1.1.4 in /venv/RVCD/lib/python3.9/site-packages (from ultralytics==8.3.27) (2.3.3)
Requirement already satisfied: seaborn>=0.11.0 in /venv/RVCD/lib/python3.9/site-packages (from ultralytics==8.3.27) (0.13.2)
Requirement already satisfied: ultralytics-thop>=2.0.0 in /venv/RVCD/lib/python3.9/site-packages (from ultralytics==8.3.27) (2.0.19)
Requirement already satisfied: contourpy>=1.0.1 in /venv/RVCD/lib/python3.9/site-packages (from matplotlib>=3.3.0->ultralytics==8.3.27) (1.3.0)
Requirement already satisfied: cycler>=0.10 in /venv/RVCD/lib/python3.9/site-packages (from matplotlib>=3.3.0->ultralytics==8.3.27) (0.12.1)
Requirement already satisfied: fonttools>=4.22.0 in /venv/RVCD/lib/python3.9/site-packages (from matplotlib>=3.3.0->ultralytics==8.3.27) (4.60.2)
Requirement already satisfied: kiwisolver>=1.0.1 in /venv/RVCD/lib/python3.9/site-packages (from matplotlib>=3.3.0->ultralytics==8.3.27) (1.4.7)
Requirement already satisfied: pyparsing>=2.3.1 in /venv/RVCD/lib/python3.9/site-packages (from matplotlib>=3.3.0->ultralytics==8.3.27) (3.3.2)
Requirement already satisfied: python-dateutil>=2.7 in /venv/RVCD/lib/python3.9/site-packages (from matplotlib>=3.3.0->ultralytics==8.3.27) (2.9.0.post0)
Requirement already satisfied: importlib-resources>=3.2.0 in /venv/RVCD/lib/python3.9/site-packages (from matplotlib>=3.3.0->ultralytics==8.3.27) (6.5.2)
Requirement already satisfied: zipp>=3.1.0 in /venv/RVCD/lib/python3.9/site-packages (from importlib-resources>=3.2.0->matplotlib>=3.3.0->ultralytics==8.3.27) (3.23.1)
Requirement already satisfied: pytz>=2020.1 in /venv/RVCD/lib/python3.9/site-packages (from pandas>=1.1.4->ultralytics==8.3.27) (2026.2)
Requirement already satisfied: tzdata>=2022.7 in /venv/RVCD/lib/python3.9/site-packages (from pandas>=1.1.4->ultralytics==8.3.27) (2026.2)
Requirement already satisfied: six>=1.5 in /venv/RVCD/lib/python3.9/site-packages (from python-dateutil>=2.7->matplotlib>=3.3.0->ultralytics==8.3.27) (1.17.0)
Requirement already satisfied: charset-normalizer<3,>=2 in /venv/RVCD/lib/python3.9/site-packages (from requests->huggingface-hub==0.20.2) (2.1.1)
Requirement already satisfied: idna<4,>=2.5 in /venv/RVCD/lib/python3.9/site-packages (from requests->huggingface-hub==0.20.2) (3.4)
Requirement already satisfied: urllib3<1.27,>=1.21.1 in /venv/RVCD/lib/python3.9/site-packages (from requests->huggingface-hub==0.20.2) (1.26.13)
Requirement already satisfied: certifi>=2017.4.17 in /venv/RVCD/lib/python3.9/site-packages (from requests->huggingface-hub==0.20.2) (2022.12.7)
Requirement already satisfied: sympy in /venv/RVCD/lib/python3.9/site-packages (from torch>=1.7->timm==0.6.13) (1.14.0)
Requirement already satisfied: networkx in /venv/RVCD/lib/python3.9/site-packages (from torch>=1.7->timm==0.6.13) (3.2.1)
Requirement already satisfied: jinja2 in /venv/RVCD/lib/python3.9/site-packages (from torch>=1.7->timm==0.6.13) (3.1.6)
Requirement already satisfied: triton==2.0.0 in /venv/RVCD/lib/python3.9/site-packages (from torch>=1.7->timm==0.6.13) (2.0.0)
Requirement already satisfied: cmake in /venv/RVCD/lib/python3.9/site-packages (from triton==2.0.0->torch>=1.7->timm==0.6.13) (3.25.0)
Requirement already satisfied: lit in /venv/RVCD/lib/python3.9/site-packages (from triton==2.0.0->torch>=1.7->timm==0.6.13) (15.0.7)
Requirement already satisfied: MarkupSafe>=2.0 in /venv/RVCD/lib/python3.9/site-packages (from jinja2->torch>=1.7->timm==0.6.13) (2.1.5)
Requirement already satisfied: mpmath<1.4,>=1.1.0 in /venv/RVCD/lib/python3.9/site-packages (from sympy->torch>=1.7->timm==0.6.13) (1.3.0)
WARNING: Running pip as the 'root' user can result in broken permissions and conflicting behaviour with the system package manager, possibly rendering your system unusable. It is recommended to use a virtual environment instead: https://pip.pypa.io/warnings/venv. Use the --root-user-action option if you know what you are doing and want to suppress this warning.

[notice] A new release of pip is available: 25.3 -> 26.0.1
[notice] To update, run: pip install --upgrade pip
+ python -m pip install huggingface-hub==0.20.2 transformers==4.36.2 tokenizers==0.15.0 pydantic==1.10.9 opencv-python==4.7.0.72 timm==0.6.13 ultralytics==8.3.27 tqdm==4.64.1
Requirement already satisfied: huggingface-hub==0.20.2 in /venv/RVCD/lib/python3.9/site-packages (0.20.2)
Requirement already satisfied: transformers==4.36.2 in /venv/RVCD/lib/python3.9/site-packages (4.36.2)
Requirement already satisfied: tokenizers==0.15.0 in /venv/RVCD/lib/python3.9/site-packages (0.15.0)
Requirement already satisfied: pydantic==1.10.9 in /venv/RVCD/lib/python3.9/site-packages (1.10.9)
Requirement already satisfied: opencv-python==4.7.0.72 in /venv/RVCD/lib/python3.9/site-packages (4.7.0.72)
Requirement already satisfied: timm==0.6.13 in /venv/RVCD/lib/python3.9/site-packages (0.6.13)
Requirement already satisfied: ultralytics==8.3.27 in /venv/RVCD/lib/python3.9/site-packages (8.3.27)
Requirement already satisfied: tqdm==4.64.1 in /venv/RVCD/lib/python3.9/site-packages (4.64.1)
Requirement already satisfied: filelock in /venv/RVCD/lib/python3.9/site-packages (from huggingface-hub==0.20.2) (3.19.1)
Requirement already satisfied: fsspec>=2023.5.0 in /venv/RVCD/lib/python3.9/site-packages (from huggingface-hub==0.20.2) (2025.10.0)
Requirement already satisfied: requests in /venv/RVCD/lib/python3.9/site-packages (from huggingface-hub==0.20.2) (2.28.1)
Requirement already satisfied: pyyaml>=5.1 in /venv/RVCD/lib/python3.9/site-packages (from huggingface-hub==0.20.2) (6.0)
Requirement already satisfied: typing-extensions>=3.7.4.3 in /venv/RVCD/lib/python3.9/site-packages (from huggingface-hub==0.20.2) (4.15.0)
Requirement already satisfied: packaging>=20.9 in /venv/RVCD/lib/python3.9/site-packages (from huggingface-hub==0.20.2) (26.2)
Requirement already satisfied: numpy>=1.17 in /venv/RVCD/lib/python3.9/site-packages (from transformers==4.36.2) (1.26.4)
Requirement already satisfied: regex!=2019.12.17 in /venv/RVCD/lib/python3.9/site-packages (from transformers==4.36.2) (2022.10.31)
Requirement already satisfied: safetensors>=0.3.1 in /venv/RVCD/lib/python3.9/site-packages (from transformers==4.36.2) (0.7.0)
Requirement already satisfied: torch>=1.7 in /venv/RVCD/lib/python3.9/site-packages (from timm==0.6.13) (2.0.0+cu118)
Requirement already satisfied: torchvision in /venv/RVCD/lib/python3.9/site-packages (from timm==0.6.13) (0.15.1+cu118)
Requirement already satisfied: matplotlib>=3.3.0 in /venv/RVCD/lib/python3.9/site-packages (from ultralytics==8.3.27) (3.7.0)
Requirement already satisfied: pillow>=7.1.2 in /venv/RVCD/lib/python3.9/site-packages (from ultralytics==8.3.27) (10.4.0)
Requirement already satisfied: scipy>=1.4.1 in /venv/RVCD/lib/python3.9/site-packages (from ultralytics==8.3.27) (1.13.1)
Requirement already satisfied: psutil in /venv/RVCD/lib/python3.9/site-packages (from ultralytics==8.3.27) (5.9.4)
Requirement already satisfied: py-cpuinfo in /venv/RVCD/lib/python3.9/site-packages (from ultralytics==8.3.27) (9.0.0)
Requirement already satisfied: pandas>=1.1.4 in /venv/RVCD/lib/python3.9/site-packages (from ultralytics==8.3.27) (2.3.3)
Requirement already satisfied: seaborn>=0.11.0 in /venv/RVCD/lib/python3.9/site-packages (from ultralytics==8.3.27) (0.13.2)
Requirement already satisfied: ultralytics-thop>=2.0.0 in /venv/RVCD/lib/python3.9/site-packages (from ultralytics==8.3.27) (2.0.19)
Requirement already satisfied: contourpy>=1.0.1 in /venv/RVCD/lib/python3.9/site-packages (from matplotlib>=3.3.0->ultralytics==8.3.27) (1.3.0)
Requirement already satisfied: cycler>=0.10 in /venv/RVCD/lib/python3.9/site-packages (from matplotlib>=3.3.0->ultralytics==8.3.27) (0.12.1)
Requirement already satisfied: fonttools>=4.22.0 in /venv/RVCD/lib/python3.9/site-packages (from matplotlib>=3.3.0->ultralytics==8.3.27) (4.60.2)
Requirement already satisfied: kiwisolver>=1.0.1 in /venv/RVCD/lib/python3.9/site-packages (from matplotlib>=3.3.0->ultralytics==8.3.27) (1.4.7)
Requirement already satisfied: pyparsing>=2.3.1 in /venv/RVCD/lib/python3.9/site-packages (from matplotlib>=3.3.0->ultralytics==8.3.27) (3.3.2)
Requirement already satisfied: python-dateutil>=2.7 in /venv/RVCD/lib/python3.9/site-packages (from matplotlib>=3.3.0->ultralytics==8.3.27) (2.9.0.post0)
Requirement already satisfied: importlib-resources>=3.2.0 in /venv/RVCD/lib/python3.9/site-packages (from matplotlib>=3.3.0->ultralytics==8.3.27) (6.5.2)
Requirement already satisfied: zipp>=3.1.0 in /venv/RVCD/lib/python3.9/site-packages (from importlib-resources>=3.2.0->matplotlib>=3.3.0->ultralytics==8.3.27) (3.23.1)
Requirement already satisfied: pytz>=2020.1 in /venv/RVCD/lib/python3.9/site-packages (from pandas>=1.1.4->ultralytics==8.3.27) (2026.2)
Requirement already satisfied: tzdata>=2022.7 in /venv/RVCD/lib/python3.9/site-packages (from pandas>=1.1.4->ultralytics==8.3.27) (2026.2)
Requirement already satisfied: six>=1.5 in /venv/RVCD/lib/python3.9/site-packages (from python-dateutil>=2.7->matplotlib>=3.3.0->ultralytics==8.3.27) (1.17.0)
Requirement already satisfied: charset-normalizer<3,>=2 in /venv/RVCD/lib/python3.9/site-packages (from requests->huggingface-hub==0.20.2) (2.1.1)
Requirement already satisfied: idna<4,>=2.5 in /venv/RVCD/lib/python3.9/site-packages (from requests->huggingface-hub==0.20.2) (3.4)
Requirement already satisfied: urllib3<1.27,>=1.21.1 in /venv/RVCD/lib/python3.9/site-packages (from requests->huggingface-hub==0.20.2) (1.26.13)
Requirement already satisfied: certifi>=2017.4.17 in /venv/RVCD/lib/python3.9/site-packages (from requests->huggingface-hub==0.20.2) (2022.12.7)
Requirement already satisfied: sympy in /venv/RVCD/lib/python3.9/site-packages (from torch>=1.7->timm==0.6.13) (1.14.0)
Requirement already satisfied: networkx in /venv/RVCD/lib/python3.9/site-packages (from torch>=1.7->timm==0.6.13) (3.2.1)
Requirement already satisfied: jinja2 in /venv/RVCD/lib/python3.9/site-packages (from torch>=1.7->timm==0.6.13) (3.1.6)
Requirement already satisfied: triton==2.0.0 in /venv/RVCD/lib/python3.9/site-packages (from torch>=1.7->timm==0.6.13) (2.0.0)
Requirement already satisfied: cmake in /venv/RVCD/lib/python3.9/site-packages (from triton==2.0.0->torch>=1.7->timm==0.6.13) (3.25.0)
Requirement already satisfied: lit in /venv/RVCD/lib/python3.9/site-packages (from triton==2.0.0->torch>=1.7->timm==0.6.13) (15.0.7)
Requirement already satisfied: MarkupSafe>=2.0 in /venv/RVCD/lib/python3.9/site-packages (from jinja2->torch>=1.7->timm==0.6.13) (2.1.5)
Requirement already satisfied: mpmath<1.4,>=1.1.0 in /venv/RVCD/lib/python3.9/site-packages (from sympy->torch>=1.7->timm==0.6.13) (1.3.0)
WARNING: Running pip as the 'root' user can result in broken permissions and conflicting behaviour with the system package manager, possibly rendering your system unusable. It is recommended to use a virtual environment instead: https://pip.pypa.io/warnings/venv. Use the --root-user-action option if you know what you are doing and want to suppress this warning.

[notice] A new release of pip is available: 25.3 -> 26.0.1
[notice] To update, run: pip install --upgrade pip
+ python -m pip install huggingface-hub==0.20.2 transformers==4.36.2 tokenizers==0.15.0 pydantic==1.10.9 opencv-python==4.7.0.72 timm==0.6.13 ultralytics==8.3.27 tqdm==4.64.1
Requirement already satisfied: huggingface-hub==0.20.2 in /venv/RVCD/lib/python3.9/site-packages (0.20.2)
Requirement already satisfied: transformers==4.36.2 in /venv/RVCD/lib/python3.9/site-packages (4.36.2)
Requirement already satisfied: tokenizers==0.15.0 in /venv/RVCD/lib/python3.9/site-packages (0.15.0)
Requirement already satisfied: pydantic==1.10.9 in /venv/RVCD/lib/python3.9/site-packages (1.10.9)
Requirement already satisfied: opencv-python==4.7.0.72 in /venv/RVCD/lib/python3.9/site-packages (4.7.0.72)
Requirement already satisfied: timm==0.6.13 in /venv/RVCD/lib/python3.9/site-packages (0.6.13)
Requirement already satisfied: ultralytics==8.3.27 in /venv/RVCD/lib/python3.9/site-packages (8.3.27)
Requirement already satisfied: tqdm==4.64.1 in /venv/RVCD/lib/python3.9/site-packages (4.64.1)
Requirement already satisfied: filelock in /venv/RVCD/lib/python3.9/site-packages (from huggingface-hub==0.20.2) (3.19.1)
Requirement already satisfied: fsspec>=2023.5.0 in /venv/RVCD/lib/python3.9/site-packages (from huggingface-hub==0.20.2) (2025.10.0)
Requirement already satisfied: requests in /venv/RVCD/lib/python3.9/site-packages (from huggingface-hub==0.20.2) (2.28.1)
Requirement already satisfied: pyyaml>=5.1 in /venv/RVCD/lib/python3.9/site-packages (from huggingface-hub==0.20.2) (6.0)
Requirement already satisfied: typing-extensions>=3.7.4.3 in /venv/RVCD/lib/python3.9/site-packages (from huggingface-hub==0.20.2) (4.15.0)
Requirement already satisfied: packaging>=20.9 in /venv/RVCD/lib/python3.9/site-packages (from huggingface-hub==0.20.2) (26.2)
Requirement already satisfied: numpy>=1.17 in /venv/RVCD/lib/python3.9/site-packages (from transformers==4.36.2) (1.26.4)
Requirement already satisfied: regex!=2019.12.17 in /venv/RVCD/lib/python3.9/site-packages (from transformers==4.36.2) (2022.10.31)
Requirement already satisfied: safetensors>=0.3.1 in /venv/RVCD/lib/python3.9/site-packages (from transformers==4.36.2) (0.7.0)
Requirement already satisfied: torch>=1.7 in /venv/RVCD/lib/python3.9/site-packages (from timm==0.6.13) (2.0.0+cu118)
Requirement already satisfied: torchvision in /venv/RVCD/lib/python3.9/site-packages (from timm==0.6.13) (0.15.1+cu118)
Requirement already satisfied: matplotlib>=3.3.0 in /venv/RVCD/lib/python3.9/site-packages (from ultralytics==8.3.27) (3.7.0)
Requirement already satisfied: pillow>=7.1.2 in /venv/RVCD/lib/python3.9/site-packages (from ultralytics==8.3.27) (10.4.0)
Requirement already satisfied: scipy>=1.4.1 in /venv/RVCD/lib/python3.9/site-packages (from ultralytics==8.3.27) (1.13.1)
Requirement already satisfied: psutil in /venv/RVCD/lib/python3.9/site-packages (from ultralytics==8.3.27) (5.9.4)
Requirement already satisfied: py-cpuinfo in /venv/RVCD/lib/python3.9/site-packages (from ultralytics==8.3.27) (9.0.0)
Requirement already satisfied: pandas>=1.1.4 in /venv/RVCD/lib/python3.9/site-packages (from ultralytics==8.3.27) (2.3.3)
Requirement already satisfied: seaborn>=0.11.0 in /venv/RVCD/lib/python3.9/site-packages (from ultralytics==8.3.27) (0.13.2)
Requirement already satisfied: ultralytics-thop>=2.0.0 in /venv/RVCD/lib/python3.9/site-packages (from ultralytics==8.3.27) (2.0.19)
Requirement already satisfied: contourpy>=1.0.1 in /venv/RVCD/lib/python3.9/site-packages (from matplotlib>=3.3.0->ultralytics==8.3.27) (1.3.0)
Requirement already satisfied: cycler>=0.10 in /venv/RVCD/lib/python3.9/site-packages (from matplotlib>=3.3.0->ultralytics==8.3.27) (0.12.1)
Requirement already satisfied: fonttools>=4.22.0 in /venv/RVCD/lib/python3.9/site-packages (from matplotlib>=3.3.0->ultralytics==8.3.27) (4.60.2)
Requirement already satisfied: kiwisolver>=1.0.1 in /venv/RVCD/lib/python3.9/site-packages (from matplotlib>=3.3.0->ultralytics==8.3.27) (1.4.7)
Requirement already satisfied: pyparsing>=2.3.1 in /venv/RVCD/lib/python3.9/site-packages (from matplotlib>=3.3.0->ultralytics==8.3.27) (3.3.2)
Requirement already satisfied: python-dateutil>=2.7 in /venv/RVCD/lib/python3.9/site-packages (from matplotlib>=3.3.0->ultralytics==8.3.27) (2.9.0.post0)
Requirement already satisfied: importlib-resources>=3.2.0 in /venv/RVCD/lib/python3.9/site-packages (from matplotlib>=3.3.0->ultralytics==8.3.27) (6.5.2)
Requirement already satisfied: zipp>=3.1.0 in /venv/RVCD/lib/python3.9/site-packages (from importlib-resources>=3.2.0->matplotlib>=3.3.0->ultralytics==8.3.27) (3.23.1)
Requirement already satisfied: pytz>=2020.1 in /venv/RVCD/lib/python3.9/site-packages (from pandas>=1.1.4->ultralytics==8.3.27) (2026.2)
Requirement already satisfied: tzdata>=2022.7 in /venv/RVCD/lib/python3.9/site-packages (from pandas>=1.1.4->ultralytics==8.3.27) (2026.2)
Requirement already satisfied: six>=1.5 in /venv/RVCD/lib/python3.9/site-packages (from python-dateutil>=2.7->matplotlib>=3.3.0->ultralytics==8.3.27) (1.17.0)
Requirement already satisfied: charset-normalizer<3,>=2 in /venv/RVCD/lib/python3.9/site-packages (from requests->huggingface-hub==0.20.2) (2.1.1)
Requirement already satisfied: idna<4,>=2.5 in /venv/RVCD/lib/python3.9/site-packages (from requests->huggingface-hub==0.20.2) (3.4)
Requirement already satisfied: urllib3<1.27,>=1.21.1 in /venv/RVCD/lib/python3.9/site-packages (from requests->huggingface-hub==0.20.2) (1.26.13)
Requirement already satisfied: certifi>=2017.4.17 in /venv/RVCD/lib/python3.9/site-packages (from requests->huggingface-hub==0.20.2) (2022.12.7)
Requirement already satisfied: sympy in /venv/RVCD/lib/python3.9/site-packages (from torch>=1.7->timm==0.6.13) (1.14.0)
Requirement already satisfied: networkx in /venv/RVCD/lib/python3.9/site-packages (from torch>=1.7->timm==0.6.13) (3.2.1)
Requirement already satisfied: jinja2 in /venv/RVCD/lib/python3.9/site-packages (from torch>=1.7->timm==0.6.13) (3.1.6)
Requirement already satisfied: triton==2.0.0 in /venv/RVCD/lib/python3.9/site-packages (from torch>=1.7->timm==0.6.13) (2.0.0)
Requirement already satisfied: cmake in /venv/RVCD/lib/python3.9/site-packages (from triton==2.0.0->torch>=1.7->timm==0.6.13) (3.25.0)
Requirement already satisfied: lit in /venv/RVCD/lib/python3.9/site-packages (from triton==2.0.0->torch>=1.7->timm==0.6.13) (15.0.7)
Requirement already satisfied: MarkupSafe>=2.0 in /venv/RVCD/lib/python3.9/site-packages (from jinja2->torch>=1.7->timm==0.6.13) (2.1.5)
Requirement already satisfied: mpmath<1.4,>=1.1.0 in /venv/RVCD/lib/python3.9/site-packages (from sympy->torch>=1.7->timm==0.6.13) (1.3.0)
WARNING: Running pip as the 'root' user can result in broken permissions and conflicting behaviour with the system package manager, possibly rendering your system unusable. It is recommended to use a virtual environment instead: https://pip.pypa.io/warnings/venv. Use the --root-user-action option if you know what you are doing and want to suppress this warning.

[notice] A new release of pip is available: 25.3 -> 26.0.1
[notice] To update, run: pip install --upgrade pip
+ python -m pip install huggingface-hub==0.20.2 transformers==4.36.2 tokenizers==0.15.0 pydantic==1.10.9 opencv-python==4.7.0.72 timm==0.6.13 ultralytics==8.3.27 tqdm==4.64.1
Requirement already satisfied: huggingface-hub==0.20.2 in /venv/RVCD/lib/python3.9/site-packages (0.20.2)
Requirement already satisfied: transformers==4.36.2 in /venv/RVCD/lib/python3.9/site-packages (4.36.2)
Requirement already satisfied: tokenizers==0.15.0 in /venv/RVCD/lib/python3.9/site-packages (0.15.0)
Requirement already satisfied: pydantic==1.10.9 in /venv/RVCD/lib/python3.9/site-packages (1.10.9)
Requirement already satisfied: opencv-python==4.7.0.72 in /venv/RVCD/lib/python3.9/site-packages (4.7.0.72)
Requirement already satisfied: timm==0.6.13 in /venv/RVCD/lib/python3.9/site-packages (0.6.13)
Requirement already satisfied: ultralytics==8.3.27 in /venv/RVCD/lib/python3.9/site-packages (8.3.27)
Requirement already satisfied: tqdm==4.64.1 in /venv/RVCD/lib/python3.9/site-packages (4.64.1)
Requirement already satisfied: filelock in /venv/RVCD/lib/python3.9/site-packages (from huggingface-hub==0.20.2) (3.19.1)
Requirement already satisfied: fsspec>=2023.5.0 in /venv/RVCD/lib/python3.9/site-packages (from huggingface-hub==0.20.2) (2025.10.0)
Requirement already satisfied: requests in /venv/RVCD/lib/python3.9/site-packages (from huggingface-hub==0.20.2) (2.28.1)
Requirement already satisfied: pyyaml>=5.1 in /venv/RVCD/lib/python3.9/site-packages (from huggingface-hub==0.20.2) (6.0)
Requirement already satisfied: typing-extensions>=3.7.4.3 in /venv/RVCD/lib/python3.9/site-packages (from huggingface-hub==0.20.2) (4.15.0)
Requirement already satisfied: packaging>=20.9 in /venv/RVCD/lib/python3.9/site-packages (from huggingface-hub==0.20.2) (26.2)
Requirement already satisfied: numpy>=1.17 in /venv/RVCD/lib/python3.9/site-packages (from transformers==4.36.2) (1.26.4)
Requirement already satisfied: regex!=2019.12.17 in /venv/RVCD/lib/python3.9/site-packages (from transformers==4.36.2) (2022.10.31)
Requirement already satisfied: safetensors>=0.3.1 in /venv/RVCD/lib/python3.9/site-packages (from transformers==4.36.2) (0.7.0)
Requirement already satisfied: torch>=1.7 in /venv/RVCD/lib/python3.9/site-packages (from timm==0.6.13) (2.0.0+cu118)
Requirement already satisfied: torchvision in /venv/RVCD/lib/python3.9/site-packages (from timm==0.6.13) (0.15.1+cu118)
Requirement already satisfied: matplotlib>=3.3.0 in /venv/RVCD/lib/python3.9/site-packages (from ultralytics==8.3.27) (3.7.0)
Requirement already satisfied: pillow>=7.1.2 in /venv/RVCD/lib/python3.9/site-packages (from ultralytics==8.3.27) (10.4.0)
Requirement already satisfied: scipy>=1.4.1 in /venv/RVCD/lib/python3.9/site-packages (from ultralytics==8.3.27) (1.13.1)
Requirement already satisfied: psutil in /venv/RVCD/lib/python3.9/site-packages (from ultralytics==8.3.27) (5.9.4)
Requirement already satisfied: py-cpuinfo in /venv/RVCD/lib/python3.9/site-packages (from ultralytics==8.3.27) (9.0.0)
Requirement already satisfied: pandas>=1.1.4 in /venv/RVCD/lib/python3.9/site-packages (from ultralytics==8.3.27) (2.3.3)
Requirement already satisfied: seaborn>=0.11.0 in /venv/RVCD/lib/python3.9/site-packages (from ultralytics==8.3.27) (0.13.2)
Requirement already satisfied: ultralytics-thop>=2.0.0 in /venv/RVCD/lib/python3.9/site-packages (from ultralytics==8.3.27) (2.0.19)
Requirement already satisfied: contourpy>=1.0.1 in /venv/RVCD/lib/python3.9/site-packages (from matplotlib>=3.3.0->ultralytics==8.3.27) (1.3.0)
Requirement already satisfied: cycler>=0.10 in /venv/RVCD/lib/python3.9/site-packages (from matplotlib>=3.3.0->ultralytics==8.3.27) (0.12.1)
Requirement already satisfied: fonttools>=4.22.0 in /venv/RVCD/lib/python3.9/site-packages (from matplotlib>=3.3.0->ultralytics==8.3.27) (4.60.2)
Requirement already satisfied: kiwisolver>=1.0.1 in /venv/RVCD/lib/python3.9/site-packages (from matplotlib>=3.3.0->ultralytics==8.3.27) (1.4.7)
Requirement already satisfied: pyparsing>=2.3.1 in /venv/RVCD/lib/python3.9/site-packages (from matplotlib>=3.3.0->ultralytics==8.3.27) (3.3.2)
Requirement already satisfied: python-dateutil>=2.7 in /venv/RVCD/lib/python3.9/site-packages (from matplotlib>=3.3.0->ultralytics==8.3.27) (2.9.0.post0)
Requirement already satisfied: importlib-resources>=3.2.0 in /venv/RVCD/lib/python3.9/site-packages (from matplotlib>=3.3.0->ultralytics==8.3.27) (6.5.2)
Requirement already satisfied: zipp>=3.1.0 in /venv/RVCD/lib/python3.9/site-packages (from importlib-resources>=3.2.0->matplotlib>=3.3.0->ultralytics==8.3.27) (3.23.1)
Requirement already satisfied: pytz>=2020.1 in /venv/RVCD/lib/python3.9/site-packages (from pandas>=1.1.4->ultralytics==8.3.27) (2026.2)
Requirement already satisfied: tzdata>=2022.7 in /venv/RVCD/lib/python3.9/site-packages (from pandas>=1.1.4->ultralytics==8.3.27) (2026.2)
Requirement already satisfied: six>=1.5 in /venv/RVCD/lib/python3.9/site-packages (from python-dateutil>=2.7->matplotlib>=3.3.0->ultralytics==8.3.27) (1.17.0)
Requirement already satisfied: charset-normalizer<3,>=2 in /venv/RVCD/lib/python3.9/site-packages (from requests->huggingface-hub==0.20.2) (2.1.1)
Requirement already satisfied: idna<4,>=2.5 in /venv/RVCD/lib/python3.9/site-packages (from requests->huggingface-hub==0.20.2) (3.4)
Requirement already satisfied: urllib3<1.27,>=1.21.1 in /venv/RVCD/lib/python3.9/site-packages (from requests->huggingface-hub==0.20.2) (1.26.13)
Requirement already satisfied: certifi>=2017.4.17 in /venv/RVCD/lib/python3.9/site-packages (from requests->huggingface-hub==0.20.2) (2022.12.7)
Requirement already satisfied: sympy in /venv/RVCD/lib/python3.9/site-packages (from torch>=1.7->timm==0.6.13) (1.14.0)
Requirement already satisfied: networkx in /venv/RVCD/lib/python3.9/site-packages (from torch>=1.7->timm==0.6.13) (3.2.1)
Requirement already satisfied: jinja2 in /venv/RVCD/lib/python3.9/site-packages (from torch>=1.7->timm==0.6.13) (3.1.6)
Requirement already satisfied: triton==2.0.0 in /venv/RVCD/lib/python3.9/site-packages (from torch>=1.7->timm==0.6.13) (2.0.0)
Requirement already satisfied: cmake in /venv/RVCD/lib/python3.9/site-packages (from triton==2.0.0->torch>=1.7->timm==0.6.13) (3.25.0)
Requirement already satisfied: lit in /venv/RVCD/lib/python3.9/site-packages (from triton==2.0.0->torch>=1.7->timm==0.6.13) (15.0.7)
Requirement already satisfied: MarkupSafe>=2.0 in /venv/RVCD/lib/python3.9/site-packages (from jinja2->torch>=1.7->timm==0.6.13) (2.1.5)
Requirement already satisfied: mpmath<1.4,>=1.1.0 in /venv/RVCD/lib/python3.9/site-packages (from sympy->torch>=1.7->timm==0.6.13) (1.3.0)
WARNING: Running pip as the 'root' user can result in broken permissions and conflicting behaviour with the system package manager, possibly rendering your system unusable. It is recommended to use a virtual environment instead: https://pip.pypa.io/warnings/venv. Use the --root-user-action option if you know what you are doing and want to suppress this warning.

[notice] A new release of pip is available: 25.3 -> 26.0.1
[notice] To update, run: pip install --upgrade pip
+ python -m pip install huggingface-hub==0.20.2 transformers==4.36.2 tokenizers==0.15.0 pydantic==1.10.9 opencv-python==4.7.0.72 timm==0.6.13 ultralytics==8.3.27 tqdm==4.64.1
Requirement already satisfied: huggingface-hub==0.20.2 in /venv/RVCD/lib/python3.9/site-packages (0.20.2)
Requirement already satisfied: transformers==4.36.2 in /venv/RVCD/lib/python3.9/site-packages (4.36.2)
Requirement already satisfied: tokenizers==0.15.0 in /venv/RVCD/lib/python3.9/site-packages (0.15.0)
Requirement already satisfied: pydantic==1.10.9 in /venv/RVCD/lib/python3.9/site-packages (1.10.9)
Requirement already satisfied: opencv-python==4.7.0.72 in /venv/RVCD/lib/python3.9/site-packages (4.7.0.72)
Requirement already satisfied: timm==0.6.13 in /venv/RVCD/lib/python3.9/site-packages (0.6.13)
Requirement already satisfied: ultralytics==8.3.27 in /venv/RVCD/lib/python3.9/site-packages (8.3.27)
Requirement already satisfied: tqdm==4.64.1 in /venv/RVCD/lib/python3.9/site-packages (4.64.1)
Requirement already satisfied: filelock in /venv/RVCD/lib/python3.9/site-packages (from huggingface-hub==0.20.2) (3.19.1)
Requirement already satisfied: fsspec>=2023.5.0 in /venv/RVCD/lib/python3.9/site-packages (from huggingface-hub==0.20.2) (2025.10.0)
Requirement already satisfied: requests in /venv/RVCD/lib/python3.9/site-packages (from huggingface-hub==0.20.2) (2.28.1)
Requirement already satisfied: pyyaml>=5.1 in /venv/RVCD/lib/python3.9/site-packages (from huggingface-hub==0.20.2) (6.0)
Requirement already satisfied: typing-extensions>=3.7.4.3 in /venv/RVCD/lib/python3.9/site-packages (from huggingface-hub==0.20.2) (4.15.0)
Requirement already satisfied: packaging>=20.9 in /venv/RVCD/lib/python3.9/site-packages (from huggingface-hub==0.20.2) (26.2)
Requirement already satisfied: numpy>=1.17 in /venv/RVCD/lib/python3.9/site-packages (from transformers==4.36.2) (1.26.4)
Requirement already satisfied: regex!=2019.12.17 in /venv/RVCD/lib/python3.9/site-packages (from transformers==4.36.2) (2022.10.31)
Requirement already satisfied: safetensors>=0.3.1 in /venv/RVCD/lib/python3.9/site-packages (from transformers==4.36.2) (0.7.0)
Requirement already satisfied: torch>=1.7 in /venv/RVCD/lib/python3.9/site-packages (from timm==0.6.13) (2.0.0+cu118)
Requirement already satisfied: torchvision in /venv/RVCD/lib/python3.9/site-packages (from timm==0.6.13) (0.15.1+cu118)
Requirement already satisfied: matplotlib>=3.3.0 in /venv/RVCD/lib/python3.9/site-packages (from ultralytics==8.3.27) (3.7.0)
Requirement already satisfied: pillow>=7.1.2 in /venv/RVCD/lib/python3.9/site-packages (from ultralytics==8.3.27) (10.4.0)
Requirement already satisfied: scipy>=1.4.1 in /venv/RVCD/lib/python3.9/site-packages (from ultralytics==8.3.27) (1.13.1)
Requirement already satisfied: psutil in /venv/RVCD/lib/python3.9/site-packages (from ultralytics==8.3.27) (5.9.4)
Requirement already satisfied: py-cpuinfo in /venv/RVCD/lib/python3.9/site-packages (from ultralytics==8.3.27) (9.0.0)
Requirement already satisfied: pandas>=1.1.4 in /venv/RVCD/lib/python3.9/site-packages (from ultralytics==8.3.27) (2.3.3)
Requirement already satisfied: seaborn>=0.11.0 in /venv/RVCD/lib/python3.9/site-packages (from ultralytics==8.3.27) (0.13.2)
Requirement already satisfied: ultralytics-thop>=2.0.0 in /venv/RVCD/lib/python3.9/site-packages (from ultralytics==8.3.27) (2.0.19)
Requirement already satisfied: contourpy>=1.0.1 in /venv/RVCD/lib/python3.9/site-packages (from matplotlib>=3.3.0->ultralytics==8.3.27) (1.3.0)
Requirement already satisfied: cycler>=0.10 in /venv/RVCD/lib/python3.9/site-packages (from matplotlib>=3.3.0->ultralytics==8.3.27) (0.12.1)
Requirement already satisfied: fonttools>=4.22.0 in /venv/RVCD/lib/python3.9/site-packages (from matplotlib>=3.3.0->ultralytics==8.3.27) (4.60.2)
Requirement already satisfied: kiwisolver>=1.0.1 in /venv/RVCD/lib/python3.9/site-packages (from matplotlib>=3.3.0->ultralytics==8.3.27) (1.4.7)
Requirement already satisfied: pyparsing>=2.3.1 in /venv/RVCD/lib/python3.9/site-packages (from matplotlib>=3.3.0->ultralytics==8.3.27) (3.3.2)
Requirement already satisfied: python-dateutil>=2.7 in /venv/RVCD/lib/python3.9/site-packages (from matplotlib>=3.3.0->ultralytics==8.3.27) (2.9.0.post0)
Requirement already satisfied: importlib-resources>=3.2.0 in /venv/RVCD/lib/python3.9/site-packages (from matplotlib>=3.3.0->ultralytics==8.3.27) (6.5.2)
Requirement already satisfied: zipp>=3.1.0 in /venv/RVCD/lib/python3.9/site-packages (from importlib-resources>=3.2.0->matplotlib>=3.3.0->ultralytics==8.3.27) (3.23.1)
Requirement already satisfied: pytz>=2020.1 in /venv/RVCD/lib/python3.9/site-packages (from pandas>=1.1.4->ultralytics==8.3.27) (2026.2)
Requirement already satisfied: tzdata>=2022.7 in /venv/RVCD/lib/python3.9/site-packages (from pandas>=1.1.4->ultralytics==8.3.27) (2026.2)
Requirement already satisfied: six>=1.5 in /venv/RVCD/lib/python3.9/site-packages (from python-dateutil>=2.7->matplotlib>=3.3.0->ultralytics==8.3.27) (1.17.0)
Requirement already satisfied: charset-normalizer<3,>=2 in /venv/RVCD/lib/python3.9/site-packages (from requests->huggingface-hub==0.20.2) (2.1.1)
Requirement already satisfied: idna<4,>=2.5 in /venv/RVCD/lib/python3.9/site-packages (from requests->huggingface-hub==0.20.2) (3.4)
Requirement already satisfied: urllib3<1.27,>=1.21.1 in /venv/RVCD/lib/python3.9/site-packages (from requests->huggingface-hub==0.20.2) (1.26.13)
Requirement already satisfied: certifi>=2017.4.17 in /venv/RVCD/lib/python3.9/site-packages (from requests->huggingface-hub==0.20.2) (2022.12.7)
Requirement already satisfied: sympy in /venv/RVCD/lib/python3.9/site-packages (from torch>=1.7->timm==0.6.13) (1.14.0)
Requirement already satisfied: networkx in /venv/RVCD/lib/python3.9/site-packages (from torch>=1.7->timm==0.6.13) (3.2.1)
Requirement already satisfied: jinja2 in /venv/RVCD/lib/python3.9/site-packages (from torch>=1.7->timm==0.6.13) (3.1.6)
Requirement already satisfied: triton==2.0.0 in /venv/RVCD/lib/python3.9/site-packages (from torch>=1.7->timm==0.6.13) (2.0.0)
Requirement already satisfied: cmake in /venv/RVCD/lib/python3.9/site-packages (from triton==2.0.0->torch>=1.7->timm==0.6.13) (3.25.0)
Requirement already satisfied: lit in /venv/RVCD/lib/python3.9/site-packages (from triton==2.0.0->torch>=1.7->timm==0.6.13) (15.0.7)
Requirement already satisfied: MarkupSafe>=2.0 in /venv/RVCD/lib/python3.9/site-packages (from jinja2->torch>=1.7->timm==0.6.13) (2.1.5)
Requirement already satisfied: mpmath<1.4,>=1.1.0 in /venv/RVCD/lib/python3.9/site-packages (from sympy->torch>=1.7->timm==0.6.13) (1.3.0)
WARNING: Running pip as the 'root' user can result in broken permissions and conflicting behaviour with the system package manager, possibly rendering your system unusable. It is recommended to use a virtual environment instead: https://pip.pypa.io/warnings/venv. Use the --root-user-action option if you know what you are doing and want to suppress this warning.

[notice] A new release of pip is available: 25.3 -> 26.0.1
[notice] To update, run: pip install --upgrade pip
