+ python -m pip install -U pip<26 setuptools<81 wheel
Collecting pip<26
  Using cached pip-25.3-py3-none-any.whl.metadata (4.7 kB)
Collecting setuptools<81
  Using cached setuptools-80.10.2-py3-none-any.whl.metadata (6.6 kB)
Requirement already satisfied: wheel in /home/jihoon/temp/miniconda-test/envs/RVCD_BW/lib/python3.10/site-packages (0.46.3)
Collecting wheel
  Using cached wheel-0.47.0-py3-none-any.whl.metadata (2.3 kB)
Requirement already satisfied: packaging>=24.0 in /home/jihoon/temp/miniconda-test/envs/RVCD_BW/lib/python3.10/site-packages (from wheel) (26.0)
Using cached pip-25.3-py3-none-any.whl (1.8 MB)
Using cached setuptools-80.10.2-py3-none-any.whl (1.1 MB)
Using cached wheel-0.47.0-py3-none-any.whl (32 kB)
Installing collected packages: wheel, setuptools, pip
  Attempting uninstall: wheel
    Found existing installation: wheel 0.46.3
    Uninstalling wheel-0.46.3:
      Successfully uninstalled wheel-0.46.3
  Attempting uninstall: setuptools
    Found existing installation: setuptools 82.0.1
    Uninstalling setuptools-82.0.1:
      Successfully uninstalled setuptools-82.0.1
  Attempting uninstall: pip
    Found existing installation: pip 26.0.1
    Uninstalling pip-26.0.1:
      Successfully uninstalled pip-26.0.1

Successfully installed pip-25.3 setuptools-80.10.2 wheel-0.47.0
+ python -m pip install -U pip<26 setuptools<81 wheel
Requirement already satisfied: pip<26 in /venv/RVCD/lib/python3.9/site-packages (25.2)
Collecting pip<26
  Downloading pip-25.3-py3-none-any.whl.metadata (4.7 kB)
Requirement already satisfied: setuptools<81 in /venv/RVCD/lib/python3.9/site-packages (80.9.0)
Collecting setuptools<81
  Downloading setuptools-80.10.2-py3-none-any.whl.metadata (6.6 kB)
Requirement already satisfied: wheel in /venv/RVCD/lib/python3.9/site-packages (0.45.1)
Collecting wheel
  Downloading wheel-0.47.0-py3-none-any.whl.metadata (2.3 kB)
Collecting packaging>=24.0 (from wheel)
  Downloading packaging-26.2-py3-none-any.whl.metadata (3.5 kB)
Downloading pip-25.3-py3-none-any.whl (1.8 MB)
   ━━━━━━━━━━━━━━━━━━━━━━━━━━━━━━━━━━━━━━━━ 1.8/1.8 MB 39.0 MB/s  0:00:00
Downloading setuptools-80.10.2-py3-none-any.whl (1.1 MB)
   ━━━━━━━━━━━━━━━━━━━━━━━━━━━━━━━━━━━━━━━━ 1.1/1.1 MB 135.2 MB/s  0:00:00
Downloading wheel-0.47.0-py3-none-any.whl (32 kB)
Downloading packaging-26.2-py3-none-any.whl (100 kB)
Installing collected packages: setuptools, pip, packaging, wheel
  Attempting uninstall: setuptools
    Found existing installation: setuptools 80.9.0
    Uninstalling setuptools-80.9.0:
      Successfully uninstalled setuptools-80.9.0
  Attempting uninstall: pip
    Found existing installation: pip 25.2
    Uninstalling pip-25.2:
      Successfully uninstalled pip-25.2
  Attempting uninstall: wheel
    Found existing installation: wheel 0.45.1
    Uninstalling wheel-0.45.1:
      Successfully uninstalled wheel-0.45.1

Successfully installed packaging-26.2 pip-25.3 setuptools-80.10.2 wheel-0.47.0
WARNING: Running pip as the 'root' user can result in broken permissions and conflicting behaviour with the system package manager, possibly rendering your system unusable. It is recommended to use a virtual environment instead: https://pip.pypa.io/warnings/venv. Use the --root-user-action option if you know what you are doing and want to suppress this warning.
+ python -m pip install -U pip<26 setuptools<81 wheel
Requirement already satisfied: pip<26 in /venv/RVCD/lib/python3.9/site-packages (25.2)
Collecting pip<26
  Using cached pip-25.3-py3-none-any.whl.metadata (4.7 kB)
Requirement already satisfied: setuptools<81 in /venv/RVCD/lib/python3.9/site-packages (80.9.0)
Collecting setuptools<81
  Using cached setuptools-80.10.2-py3-none-any.whl.metadata (6.6 kB)
Requirement already satisfied: wheel in /venv/RVCD/lib/python3.9/site-packages (0.45.1)
Collecting wheel
  Using cached wheel-0.47.0-py3-none-any.whl.metadata (2.3 kB)
Collecting packaging>=24.0 (from wheel)
  Using cached packaging-26.2-py3-none-any.whl.metadata (3.5 kB)
Using cached pip-25.3-py3-none-any.whl (1.8 MB)
Using cached setuptools-80.10.2-py3-none-any.whl (1.1 MB)
Using cached wheel-0.47.0-py3-none-any.whl (32 kB)
Using cached packaging-26.2-py3-none-any.whl (100 kB)
Installing collected packages: setuptools, pip, packaging, wheel
  Attempting uninstall: setuptools
    Found existing installation: setuptools 80.9.0
    Uninstalling setuptools-80.9.0:
      Successfully uninstalled setuptools-80.9.0
  Attempting uninstall: pip
    Found existing installation: pip 25.2
    Uninstalling pip-25.2:
      Successfully uninstalled pip-25.2
  Attempting uninstall: wheel
    Found existing installation: wheel 0.45.1
    Uninstalling wheel-0.45.1:
      Successfully uninstalled wheel-0.45.1

Successfully installed packaging-26.2 pip-25.3 setuptools-80.10.2 wheel-0.47.0
WARNING: Running pip as the 'root' user can result in broken permissions and conflicting behaviour with the system package manager, possibly rendering your system unusable. It is recommended to use a virtual environment instead: https://pip.pypa.io/warnings/venv. Use the --root-user-action option if you know what you are doing and want to suppress this warning.
+ python -m pip install -U pip<26 setuptools<81 wheel
Requirement already satisfied: pip<26 in /venv/RVCD/lib/python3.9/site-packages (25.2)
Collecting pip<26
  Using cached pip-25.3-py3-none-any.whl.metadata (4.7 kB)
Requirement already satisfied: setuptools<81 in /venv/RVCD/lib/python3.9/site-packages (80.9.0)
Collecting setuptools<81
  Using cached setuptools-80.10.2-py3-none-any.whl.metadata (6.6 kB)
Requirement already satisfied: wheel in /venv/RVCD/lib/python3.9/site-packages (0.45.1)
Collecting wheel
  Using cached wheel-0.47.0-py3-none-any.whl.metadata (2.3 kB)
Collecting packaging>=24.0 (from wheel)
  Using cached packaging-26.2-py3-none-any.whl.metadata (3.5 kB)
Using cached pip-25.3-py3-none-any.whl (1.8 MB)
Using cached setuptools-80.10.2-py3-none-any.whl (1.1 MB)
Using cached wheel-0.47.0-py3-none-any.whl (32 kB)
Using cached packaging-26.2-py3-none-any.whl (100 kB)
Installing collected packages: setuptools, pip, packaging, wheel
  Attempting uninstall: setuptools
    Found existing installation: setuptools 80.9.0
    Uninstalling setuptools-80.9.0:
      Successfully uninstalled setuptools-80.9.0
  Attempting uninstall: pip
    Found existing installation: pip 25.2
    Uninstalling pip-25.2:
      Successfully uninstalled pip-25.2
  Attempting uninstall: wheel
    Found existing installation: wheel 0.45.1
    Uninstalling wheel-0.45.1:
      Successfully uninstalled wheel-0.45.1

Successfully installed packaging-26.2 pip-25.3 setuptools-80.10.2 wheel-0.47.0
WARNING: Running pip as the 'root' user can result in broken permissions and conflicting behaviour with the system package manager, possibly rendering your system unusable. It is recommended to use a virtual environment instead: https://pip.pypa.io/warnings/venv. Use the --root-user-action option if you know what you are doing and want to suppress this warning.
+ python -m pip install -U pip<26 setuptools<81 wheel
Requirement already satisfied: pip<26 in /venv/RVCD/lib/python3.9/site-packages (25.2)
Collecting pip<26
  Using cached pip-25.3-py3-none-any.whl.metadata (4.7 kB)
Requirement already satisfied: setuptools<81 in /venv/RVCD/lib/python3.9/site-packages (80.9.0)
Collecting setuptools<81
  Using cached setuptools-80.10.2-py3-none-any.whl.metadata (6.6 kB)
Requirement already satisfied: wheel in /venv/RVCD/lib/python3.9/site-packages (0.45.1)
Collecting wheel
  Using cached wheel-0.47.0-py3-none-any.whl.metadata (2.3 kB)
Collecting packaging>=24.0 (from wheel)
  Using cached packaging-26.2-py3-none-any.whl.metadata (3.5 kB)
Using cached pip-25.3-py3-none-any.whl (1.8 MB)
Using cached setuptools-80.10.2-py3-none-any.whl (1.1 MB)
Using cached wheel-0.47.0-py3-none-any.whl (32 kB)
Using cached packaging-26.2-py3-none-any.whl (100 kB)
Installing collected packages: setuptools, pip, packaging, wheel
  Attempting uninstall: setuptools
    Found existing installation: setuptools 80.9.0
    Uninstalling setuptools-80.9.0:
      Successfully uninstalled setuptools-80.9.0
  Attempting uninstall: pip
    Found existing installation: pip 25.2
    Uninstalling pip-25.2:
      Successfully uninstalled pip-25.2
  Attempting uninstall: wheel
    Found existing installation: wheel 0.45.1
    Uninstalling wheel-0.45.1:
      Successfully uninstalled wheel-0.45.1

Successfully installed packaging-26.2 pip-25.3 setuptools-80.10.2 wheel-0.47.0
WARNING: Running pip as the 'root' user can result in broken permissions and conflicting behaviour with the system package manager, possibly rendering your system unusable. It is recommended to use a virtual environment instead: https://pip.pypa.io/warnings/venv. Use the --root-user-action option if you know what you are doing and want to suppress this warning.
+ python -m pip install -U pip<26 setuptools<81 wheel
Requirement already satisfied: pip<26 in /venv/RVCD/lib/python3.9/site-packages (25.2)
Collecting pip<26
  Using cached pip-25.3-py3-none-any.whl.metadata (4.7 kB)
Requirement already satisfied: setuptools<81 in /venv/RVCD/lib/python3.9/site-packages (80.9.0)
Collecting setuptools<81
  Using cached setuptools-80.10.2-py3-none-any.whl.metadata (6.6 kB)
Requirement already satisfied: wheel in /venv/RVCD/lib/python3.9/site-packages (0.45.1)
Collecting wheel
  Using cached wheel-0.47.0-py3-none-any.whl.metadata (2.3 kB)
Collecting packaging>=24.0 (from wheel)
  Using cached packaging-26.2-py3-none-any.whl.metadata (3.5 kB)
Using cached pip-25.3-py3-none-any.whl (1.8 MB)
Using cached setuptools-80.10.2-py3-none-any.whl (1.1 MB)
Using cached wheel-0.47.0-py3-none-any.whl (32 kB)
Using cached packaging-26.2-py3-none-any.whl (100 kB)
Installing collected packages: setuptools, pip, packaging, wheel
  Attempting uninstall: setuptools
    Found existing installation: setuptools 80.9.0
    Uninstalling setuptools-80.9.0:
      Successfully uninstalled setuptools-80.9.0
  Attempting uninstall: pip
    Found existing installation: pip 25.2
    Uninstalling pip-25.2:
      Successfully uninstalled pip-25.2
  Attempting uninstall: wheel
    Found existing installation: wheel 0.45.1
    Uninstalling wheel-0.45.1:
      Successfully uninstalled wheel-0.45.1

Successfully installed packaging-26.2 pip-25.3 setuptools-80.10.2 wheel-0.47.0
WARNING: Running pip as the 'root' user can result in broken permissions and conflicting behaviour with the system package manager, possibly rendering your system unusable. It is recommended to use a virtual environment instead: https://pip.pypa.io/warnings/venv. Use the --root-user-action option if you know what you are doing and want to suppress this warning.
+ python -m pip install -U pip<26 setuptools<81 wheel
Requirement already satisfied: pip<26 in /venv/RVCD/lib/python3.9/site-packages (25.2)
Collecting pip<26
  Using cached pip-25.3-py3-none-any.whl.metadata (4.7 kB)
Requirement already satisfied: setuptools<81 in /venv/RVCD/lib/python3.9/site-packages (80.9.0)
Collecting setuptools<81
  Using cached setuptools-80.10.2-py3-none-any.whl.metadata (6.6 kB)
Requirement already satisfied: wheel in /venv/RVCD/lib/python3.9/site-packages (0.45.1)
Collecting wheel
  Using cached wheel-0.47.0-py3-none-any.whl.metadata (2.3 kB)
Collecting packaging>=24.0 (from wheel)
  Using cached packaging-26.2-py3-none-any.whl.metadata (3.5 kB)
Using cached pip-25.3-py3-none-any.whl (1.8 MB)
Using cached setuptools-80.10.2-py3-none-any.whl (1.1 MB)
Using cached wheel-0.47.0-py3-none-any.whl (32 kB)
Using cached packaging-26.2-py3-none-any.whl (100 kB)
Installing collected packages: setuptools, pip, packaging, wheel
  Attempting uninstall: setuptools
    Found existing installation: setuptools 80.9.0
    Uninstalling setuptools-80.9.0:
      Successfully uninstalled setuptools-80.9.0
  Attempting uninstall: pip
    Found existing installation: pip 25.2
    Uninstalling pip-25.2:
      Successfully uninstalled pip-25.2
  Attempting uninstall: wheel
    Found existing installation: wheel 0.45.1
    Uninstalling wheel-0.45.1:
      Successfully uninstalled wheel-0.45.1

Successfully installed packaging-26.2 pip-25.3 setuptools-80.10.2 wheel-0.47.0
WARNING: Running pip as the 'root' user can result in broken permissions and conflicting behaviour with the system package manager, possibly rendering your system unusable. It is recommended to use a virtual environment instead: https://pip.pypa.io/warnings/venv. Use the --root-user-action option if you know what you are doing and want to suppress this warning.
+ python -m pip install -U pip<26 setuptools<81 wheel
Requirement already satisfied: pip<26 in /venv/RVCD/lib/python3.9/site-packages (25.2)
Collecting pip<26
  Using cached pip-25.3-py3-none-any.whl.metadata (4.7 kB)
Requirement already satisfied: setuptools<81 in /venv/RVCD/lib/python3.9/site-packages (80.9.0)
Collecting setuptools<81
  Using cached setuptools-80.10.2-py3-none-any.whl.metadata (6.6 kB)
Requirement already satisfied: wheel in /venv/RVCD/lib/python3.9/site-packages (0.45.1)
Collecting wheel
  Using cached wheel-0.47.0-py3-none-any.whl.metadata (2.3 kB)
Collecting packaging>=24.0 (from wheel)
  Using cached packaging-26.2-py3-none-any.whl.metadata (3.5 kB)
Using cached pip-25.3-py3-none-any.whl (1.8 MB)
Using cached setuptools-80.10.2-py3-none-any.whl (1.1 MB)
Using cached wheel-0.47.0-py3-none-any.whl (32 kB)
Using cached packaging-26.2-py3-none-any.whl (100 kB)
Installing collected packages: setuptools, pip, packaging, wheel
  Attempting uninstall: setuptools
    Found existing installation: setuptools 80.9.0
    Uninstalling setuptools-80.9.0:
      Successfully uninstalled setuptools-80.9.0
  Attempting uninstall: pip
    Found existing installation: pip 25.2
    Uninstalling pip-25.2:
      Successfully uninstalled pip-25.2
  Attempting uninstall: wheel
    Found existing installation: wheel 0.45.1
    Uninstalling wheel-0.45.1:
      Successfully uninstalled wheel-0.45.1

Successfully installed packaging-26.2 pip-25.3 setuptools-80.10.2 wheel-0.47.0
WARNING: Running pip as the 'root' user can result in broken permissions and conflicting behaviour with the system package manager, possibly rendering your system unusable. It is recommended to use a virtual environment instead: https://pip.pypa.io/warnings/venv. Use the --root-user-action option if you know what you are doing and want to suppress this warning.
+ python -m pip install -U pip<26 setuptools<81 wheel
Requirement already satisfied: pip<26 in /venv/RVCD/lib/python3.9/site-packages (25.2)
Collecting pip<26
  Using cached pip-25.3-py3-none-any.whl.metadata (4.7 kB)
Requirement already satisfied: setuptools<81 in /venv/RVCD/lib/python3.9/site-packages (80.9.0)
Collecting setuptools<81
  Using cached setuptools-80.10.2-py3-none-any.whl.metadata (6.6 kB)
Requirement already satisfied: wheel in /venv/RVCD/lib/python3.9/site-packages (0.45.1)
Collecting wheel
  Using cached wheel-0.47.0-py3-none-any.whl.metadata (2.3 kB)
Collecting packaging>=24.0 (from wheel)
  Using cached packaging-26.2-py3-none-any.whl.metadata (3.5 kB)
Using cached pip-25.3-py3-none-any.whl (1.8 MB)
Using cached setuptools-80.10.2-py3-none-any.whl (1.1 MB)
Using cached wheel-0.47.0-py3-none-any.whl (32 kB)
Using cached packaging-26.2-py3-none-any.whl (100 kB)
Installing collected packages: setuptools, pip, packaging, wheel
  Attempting uninstall: setuptools
    Found existing installation: setuptools 80.9.0
    Uninstalling setuptools-80.9.0:
      Successfully uninstalled setuptools-80.9.0
  Attempting uninstall: pip
    Found existing installation: pip 25.2
    Uninstalling pip-25.2:
      Successfully uninstalled pip-25.2
  Attempting uninstall: wheel
    Found existing installation: wheel 0.45.1
    Uninstalling wheel-0.45.1:
      Successfully uninstalled wheel-0.45.1

Successfully installed packaging-26.2 pip-25.3 setuptools-80.10.2 wheel-0.47.0
WARNING: Running pip as the 'root' user can result in broken permissions and conflicting behaviour with the system package manager, possibly rendering your system unusable. It is recommended to use a virtual environment instead: https://pip.pypa.io/warnings/venv. Use the --root-user-action option if you know what you are doing and want to suppress this warning.
