+ python -m pip install https://github.com/explosion/spacy-models/releases/download/en_core_web_sm-3.5.0/en_core_web_sm-3.5.0-py3-none-any.whl
Collecting en-core-web-sm==3.5.0
  Downloading https://github.com/explosion/spacy-models/releases/download/en_core_web_sm-3.5.0/en_core_web_sm-3.5.0-py3-none-any.whl (12.8 MB)
     ━━━━━━━━━━━━━━━━━━━━━━━━━━━━━━━━━━━━━━━━ 12.8/12.8 MB 10.8 MB/s  0:00:01
Requirement already satisfied: spacy<3.6.0,>=3.5.0 in /home/jihoon/temp/miniconda-test/envs/RVCD_BW/lib/python3.10/site-packages (from en-core-web-sm==3.5.0) (3.5.4)
Requirement already satisfied: spacy-legacy<3.1.0,>=3.0.11 in /home/jihoon/temp/miniconda-test/envs/RVCD_BW/lib/python3.10/site-packages (from spacy<3.6.0,>=3.5.0->en-core-web-sm==3.5.0) (3.0.12)
Requirement already satisfied: spacy-loggers<2.0.0,>=1.0.0 in /home/jihoon/temp/miniconda-test/envs/RVCD_BW/lib/python3.10/site-packages (from spacy<3.6.0,>=3.5.0->en-core-web-sm==3.5.0) (1.0.5)
Requirement already satisfied: murmurhash<1.1.0,>=0.28.0 in /home/jihoon/temp/miniconda-test/envs/RVCD_BW/lib/python3.10/site-packages (from spacy<3.6.0,>=3.5.0->en-core-web-sm==3.5.0) (1.0.15)
Requirement already satisfied: cymem<2.1.0,>=2.0.2 in /home/jihoon/temp/miniconda-test/envs/RVCD_BW/lib/python3.10/site-packages (from spacy<3.6.0,>=3.5.0->en-core-web-sm==3.5.0) (2.0.13)
Requirement already satisfied: preshed<3.1.0,>=3.0.2 in /home/jihoon/temp/miniconda-test/envs/RVCD_BW/lib/python3.10/site-packages (from spacy<3.6.0,>=3.5.0->en-core-web-sm==3.5.0) (3.0.13)
Requirement already satisfied: thinc<8.2.0,>=8.1.8 in /home/jihoon/temp/miniconda-test/envs/RVCD_BW/lib/python3.10/site-packages (from spacy<3.6.0,>=3.5.0->en-core-web-sm==3.5.0) (8.1.12)
Requirement already satisfied: wasabi<1.2.0,>=0.9.1 in /home/jihoon/temp/miniconda-test/envs/RVCD_BW/lib/python3.10/site-packages (from spacy<3.6.0,>=3.5.0->en-core-web-sm==3.5.0) (1.1.3)
Requirement already satisfied: srsly<3.0.0,>=2.4.3 in /home/jihoon/temp/miniconda-test/envs/RVCD_BW/lib/python3.10/site-packages (from spacy<3.6.0,>=3.5.0->en-core-web-sm==3.5.0) (2.5.3)
Requirement already satisfied: catalogue<2.1.0,>=2.0.6 in /home/jihoon/temp/miniconda-test/envs/RVCD_BW/lib/python3.10/site-packages (from spacy<3.6.0,>=3.5.0->en-core-web-sm==3.5.0) (2.0.10)
Requirement already satisfied: typer<0.10.0,>=0.3.0 in /home/jihoon/temp/miniconda-test/envs/RVCD_BW/lib/python3.10/site-packages (from spacy<3.6.0,>=3.5.0->en-core-web-sm==3.5.0) (0.9.4)
Requirement already satisfied: pathy>=0.10.0 in /home/jihoon/temp/miniconda-test/envs/RVCD_BW/lib/python3.10/site-packages (from spacy<3.6.0,>=3.5.0->en-core-web-sm==3.5.0) (0.14.2)
Requirement already satisfied: smart-open<7.0.0,>=5.2.1 in /home/jihoon/temp/miniconda-test/envs/RVCD_BW/lib/python3.10/site-packages (from spacy<3.6.0,>=3.5.0->en-core-web-sm==3.5.0) (6.4.0)
Requirement already satisfied: tqdm<5.0.0,>=4.38.0 in /home/jihoon/temp/miniconda-test/envs/RVCD_BW/lib/python3.10/site-packages (from spacy<3.6.0,>=3.5.0->en-core-web-sm==3.5.0) (4.67.3)
Requirement already satisfied: numpy>=1.15.0 in /home/jihoon/temp/miniconda-test/envs/RVCD_BW/lib/python3.10/site-packages (from spacy<3.6.0,>=3.5.0->en-core-web-sm==3.5.0) (1.26.4)
Requirement already satisfied: requests<3.0.0,>=2.13.0 in /home/jihoon/temp/miniconda-test/envs/RVCD_BW/lib/python3.10/site-packages (from spacy<3.6.0,>=3.5.0->en-core-web-sm==3.5.0) (2.34.2)
Requirement already satisfied: pydantic!=1.8,!=1.8.1,<1.11.0,>=1.7.4 in /home/jihoon/temp/miniconda-test/envs/RVCD_BW/lib/python3.10/site-packages (from spacy<3.6.0,>=3.5.0->en-core-web-sm==3.5.0) (1.10.26)
Requirement already satisfied: jinja2 in /home/jihoon/temp/miniconda-test/envs/RVCD_BW/lib/python3.10/site-packages (from spacy<3.6.0,>=3.5.0->en-core-web-sm==3.5.0) (3.1.6)
Requirement already satisfied: setuptools in /home/jihoon/temp/miniconda-test/envs/RVCD_BW/lib/python3.10/site-packages (from spacy<3.6.0,>=3.5.0->en-core-web-sm==3.5.0) (80.10.2)
Requirement already satisfied: packaging>=20.0 in /home/jihoon/temp/miniconda-test/envs/RVCD_BW/lib/python3.10/site-packages (from spacy<3.6.0,>=3.5.0->en-core-web-sm==3.5.0) (26.0)
Requirement already satisfied: langcodes<4.0.0,>=3.2.0 in /home/jihoon/temp/miniconda-test/envs/RVCD_BW/lib/python3.10/site-packages (from spacy<3.6.0,>=3.5.0->en-core-web-sm==3.5.0) (3.5.1)
Requirement already satisfied: typing-extensions>=4.2.0 in /home/jihoon/temp/miniconda-test/envs/RVCD_BW/lib/python3.10/site-packages (from pydantic!=1.8,!=1.8.1,<1.11.0,>=1.7.4->spacy<3.6.0,>=3.5.0->en-core-web-sm==3.5.0) (4.15.0)
Requirement already satisfied: charset_normalizer<4,>=2 in /home/jihoon/temp/miniconda-test/envs/RVCD_BW/lib/python3.10/site-packages (from requests<3.0.0,>=2.13.0->spacy<3.6.0,>=3.5.0->en-core-web-sm==3.5.0) (3.4.7)
Requirement already satisfied: idna<4,>=2.5 in /home/jihoon/temp/miniconda-test/envs/RVCD_BW/lib/python3.10/site-packages (from requests<3.0.0,>=2.13.0->spacy<3.6.0,>=3.5.0->en-core-web-sm==3.5.0) (3.16)
Requirement already satisfied: urllib3<3,>=1.26 in /home/jihoon/temp/miniconda-test/envs/RVCD_BW/lib/python3.10/site-packages (from requests<3.0.0,>=2.13.0->spacy<3.6.0,>=3.5.0->en-core-web-sm==3.5.0) (2.7.0)
Requirement already satisfied: certifi>=2023.5.7 in /home/jihoon/temp/miniconda-test/envs/RVCD_BW/lib/python3.10/site-packages (from requests<3.0.0,>=2.13.0->spacy<3.6.0,>=3.5.0->en-core-web-sm==3.5.0) (2026.5.20)
Requirement already satisfied: blis<0.8.0,>=0.7.8 in /home/jihoon/temp/miniconda-test/envs/RVCD_BW/lib/python3.10/site-packages (from thinc<8.2.0,>=8.1.8->spacy<3.6.0,>=3.5.0->en-core-web-sm==3.5.0) (0.7.11)
Requirement already satisfied: confection<1.0.0,>=0.0.1 in /home/jihoon/temp/miniconda-test/envs/RVCD_BW/lib/python3.10/site-packages (from thinc<8.2.0,>=8.1.8->spacy<3.6.0,>=3.5.0->en-core-web-sm==3.5.0) (0.1.5)
Requirement already satisfied: click<9.0.0,>=7.1.1 in /home/jihoon/temp/miniconda-test/envs/RVCD_BW/lib/python3.10/site-packages (from typer<0.10.0,>=0.3.0->spacy<3.6.0,>=3.5.0->en-core-web-sm==3.5.0) (8.4.1)
Requirement already satisfied: pathlib-abc<0.6,>=0.5.2 in /home/jihoon/temp/miniconda-test/envs/RVCD_BW/lib/python3.10/site-packages (from pathy>=0.10.0->spacy<3.6.0,>=3.5.0->en-core-web-sm==3.5.0) (0.5.2)
Requirement already satisfied: MarkupSafe>=2.0 in /home/jihoon/temp/miniconda-test/envs/RVCD_BW/lib/python3.10/site-packages (from jinja2->spacy<3.6.0,>=3.5.0->en-core-web-sm==3.5.0) (3.0.3)
Installing collected packages: en-core-web-sm
Successfully installed en-core-web-sm-3.5.0

[notice] A new release of pip is available: 25.3 -> 26.1.1
[notice] To update, run: pip install --upgrade pip
