+ python -m pip install spacy==3.5.4
Collecting spacy==3.5.4
  Using cached spacy-3.5.4-cp310-cp310-manylinux_2_17_x86_64.manylinux2014_x86_64.whl.metadata (25 kB)
Collecting spacy-legacy<3.1.0,>=3.0.11 (from spacy==3.5.4)
  Using cached spacy_legacy-3.0.12-py2.py3-none-any.whl.metadata (2.8 kB)
Collecting spacy-loggers<2.0.0,>=1.0.0 (from spacy==3.5.4)
  Using cached spacy_loggers-1.0.5-py3-none-any.whl.metadata (23 kB)
Collecting murmurhash<1.1.0,>=0.28.0 (from spacy==3.5.4)
  Using cached murmurhash-1.0.15-cp310-cp310-manylinux1_x86_64.manylinux2014_x86_64.manylinux_2_17_x86_64.manylinux_2_5_x86_64.whl.metadata (2.3 kB)
Collecting cymem<2.1.0,>=2.0.2 (from spacy==3.5.4)
  Using cached cymem-2.0.13-cp310-cp310-manylinux2014_x86_64.manylinux_2_17_x86_64.whl.metadata (9.7 kB)
Collecting preshed<3.1.0,>=3.0.2 (from spacy==3.5.4)
  Using cached preshed-3.0.13-cp310-cp310-manylinux2014_x86_64.manylinux_2_17_x86_64.whl.metadata (5.2 kB)
Collecting thinc<8.2.0,>=8.1.8 (from spacy==3.5.4)
  Using cached thinc-8.1.12-cp310-cp310-manylinux_2_17_x86_64.manylinux2014_x86_64.whl.metadata (15 kB)
Collecting wasabi<1.2.0,>=0.9.1 (from spacy==3.5.4)
  Using cached wasabi-1.1.3-py3-none-any.whl.metadata (28 kB)
Collecting srsly<3.0.0,>=2.4.3 (from spacy==3.5.4)
  Using cached srsly-2.5.3-cp310-cp310-manylinux2014_x86_64.manylinux_2_17_x86_64.whl.metadata (19 kB)
Collecting catalogue<2.1.0,>=2.0.6 (from spacy==3.5.4)
  Using cached catalogue-2.0.10-py3-none-any.whl.metadata (14 kB)
Collecting typer<0.10.0,>=0.3.0 (from spacy==3.5.4)
  Using cached typer-0.9.4-py3-none-any.whl.metadata (14 kB)
Collecting pathy>=0.10.0 (from spacy==3.5.4)
  Using cached pathy-0.14.2-py3-none-any.whl.metadata (15 kB)
Collecting smart-open<7.0.0,>=5.2.1 (from spacy==3.5.4)
  Using cached smart_open-6.4.0-py3-none-any.whl.metadata (21 kB)
Collecting tqdm<5.0.0,>=4.38.0 (from spacy==3.5.4)
  Using cached tqdm-4.67.3-py3-none-any.whl.metadata (57 kB)
Requirement already satisfied: numpy>=1.15.0 in /home/jihoon/temp/miniconda-test/envs/RVCD_BW/lib/python3.10/site-packages (from spacy==3.5.4) (1.26.4)
Collecting requests<3.0.0,>=2.13.0 (from spacy==3.5.4)
  Using cached requests-2.34.2-py3-none-any.whl.metadata (4.8 kB)
Collecting pydantic!=1.8,!=1.8.1,<1.11.0,>=1.7.4 (from spacy==3.5.4)
  Using cached pydantic-1.10.26-cp310-cp310-manylinux2014_x86_64.manylinux_2_17_x86_64.whl.metadata (155 kB)
Requirement already satisfied: jinja2 in /home/jihoon/temp/miniconda-test/envs/RVCD_BW/lib/python3.10/site-packages (from spacy==3.5.4) (3.1.6)
Requirement already satisfied: setuptools in /home/jihoon/temp/miniconda-test/envs/RVCD_BW/lib/python3.10/site-packages (from spacy==3.5.4) (80.10.2)
Requirement already satisfied: packaging>=20.0 in /home/jihoon/temp/miniconda-test/envs/RVCD_BW/lib/python3.10/site-packages (from spacy==3.5.4) (26.0)
Collecting langcodes<4.0.0,>=3.2.0 (from spacy==3.5.4)
  Using cached langcodes-3.5.1-py3-none-any.whl.metadata (30 kB)
Requirement already satisfied: typing-extensions>=4.2.0 in /home/jihoon/temp/miniconda-test/envs/RVCD_BW/lib/python3.10/site-packages (from pydantic!=1.8,!=1.8.1,<1.11.0,>=1.7.4->spacy==3.5.4) (4.15.0)
Collecting charset_normalizer<4,>=2 (from requests<3.0.0,>=2.13.0->spacy==3.5.4)
  Using cached charset_normalizer-3.4.7-cp310-cp310-manylinux2014_x86_64.manylinux_2_17_x86_64.manylinux_2_28_x86_64.whl.metadata (40 kB)
Collecting idna<4,>=2.5 (from requests<3.0.0,>=2.13.0->spacy==3.5.4)
  Using cached idna-3.16-py3-none-any.whl.metadata (6.4 kB)
Collecting urllib3<3,>=1.26 (from requests<3.0.0,>=2.13.0->spacy==3.5.4)
  Using cached urllib3-2.7.0-py3-none-any.whl.metadata (6.9 kB)
Collecting certifi>=2023.5.7 (from requests<3.0.0,>=2.13.0->spacy==3.5.4)
  Using cached certifi-2026.5.20-py3-none-any.whl.metadata (2.5 kB)
Collecting blis<0.8.0,>=0.7.8 (from thinc<8.2.0,>=8.1.8->spacy==3.5.4)
  Using cached blis-0.7.11-cp310-cp310-manylinux_2_17_x86_64.manylinux2014_x86_64.whl.metadata (7.4 kB)
Collecting confection<1.0.0,>=0.0.1 (from thinc<8.2.0,>=8.1.8->spacy==3.5.4)
  Using cached confection-0.1.5-py3-none-any.whl.metadata (19 kB)
Collecting click<9.0.0,>=7.1.1 (from typer<0.10.0,>=0.3.0->spacy==3.5.4)
  Using cached click-8.4.1-py3-none-any.whl.metadata (2.6 kB)
Collecting pathlib-abc<0.6,>=0.5.2 (from pathy>=0.10.0->spacy==3.5.4)
  Using cached pathlib_abc-0.5.2-py3-none-any.whl.metadata (4.6 kB)
Requirement already satisfied: MarkupSafe>=2.0 in /home/jihoon/temp/miniconda-test/envs/RVCD_BW/lib/python3.10/site-packages (from jinja2->spacy==3.5.4) (3.0.3)
Using cached spacy-3.5.4-cp310-cp310-manylinux_2_17_x86_64.manylinux2014_x86_64.whl (6.6 MB)
Using cached catalogue-2.0.10-py3-none-any.whl (17 kB)
Using cached cymem-2.0.13-cp310-cp310-manylinux2014_x86_64.manylinux_2_17_x86_64.whl (229 kB)
Using cached langcodes-3.5.1-py3-none-any.whl (183 kB)
Using cached murmurhash-1.0.15-cp310-cp310-manylinux1_x86_64.manylinux2014_x86_64.manylinux_2_17_x86_64.manylinux_2_5_x86_64.whl (122 kB)
Using cached preshed-3.0.13-cp310-cp310-manylinux2014_x86_64.manylinux_2_17_x86_64.whl (779 kB)
Using cached pydantic-1.10.26-cp310-cp310-manylinux2014_x86_64.manylinux_2_17_x86_64.whl (2.9 MB)
Using cached requests-2.34.2-py3-none-any.whl (73 kB)
Using cached charset_normalizer-3.4.7-cp310-cp310-manylinux2014_x86_64.manylinux_2_17_x86_64.manylinux_2_28_x86_64.whl (216 kB)
Using cached idna-3.16-py3-none-any.whl (74 kB)
Using cached smart_open-6.4.0-py3-none-any.whl (57 kB)
Using cached spacy_legacy-3.0.12-py2.py3-none-any.whl (29 kB)
Using cached spacy_loggers-1.0.5-py3-none-any.whl (22 kB)
Using cached srsly-2.5.3-cp310-cp310-manylinux2014_x86_64.manylinux_2_17_x86_64.whl (1.1 MB)
Using cached thinc-8.1.12-cp310-cp310-manylinux_2_17_x86_64.manylinux2014_x86_64.whl (919 kB)
Using cached blis-0.7.11-cp310-cp310-manylinux_2_17_x86_64.manylinux2014_x86_64.whl (10.2 MB)
Using cached confection-0.1.5-py3-none-any.whl (35 kB)
Using cached tqdm-4.67.3-py3-none-any.whl (78 kB)
Using cached typer-0.9.4-py3-none-any.whl (45 kB)
Using cached click-8.4.1-py3-none-any.whl (116 kB)
Using cached urllib3-2.7.0-py3-none-any.whl (131 kB)
Using cached wasabi-1.1.3-py3-none-any.whl (27 kB)
Using cached certifi-2026.5.20-py3-none-any.whl (134 kB)
Using cached pathy-0.14.2-py3-none-any.whl (50 kB)
Using cached pathlib_abc-0.5.2-py3-none-any.whl (19 kB)
Installing collected packages: wasabi, urllib3, tqdm, spacy-loggers, spacy-legacy, smart-open, pydantic, pathlib-abc, murmurhash, langcodes, idna, cymem, click, charset_normalizer, certifi, catalogue, blis, typer, srsly, requests, preshed, pathy, confection, thinc, spacy

Successfully installed blis-0.7.11 catalogue-2.0.10 certifi-2026.5.20 charset_normalizer-3.4.7 click-8.4.1 confection-0.1.5 cymem-2.0.13 idna-3.16 langcodes-3.5.1 murmurhash-1.0.15 pathlib-abc-0.5.2 pathy-0.14.2 preshed-3.0.13 pydantic-1.10.26 requests-2.34.2 smart-open-6.4.0 spacy-3.5.4 spacy-legacy-3.0.12 spacy-loggers-1.0.5 srsly-2.5.3 thinc-8.1.12 tqdm-4.67.3 typer-0.9.4 urllib3-2.7.0 wasabi-1.1.3

[notice] A new release of pip is available: 25.3 -> 26.1.1
[notice] To update, run: pip install --upgrade pip
+ python -m pip install spacy==3.5.4
Collecting spacy==3.5.4
  Downloading spacy-3.5.4-cp39-cp39-manylinux_2_17_x86_64.manylinux2014_x86_64.whl.metadata (25 kB)
Collecting spacy-legacy<3.1.0,>=3.0.11 (from spacy==3.5.4)
  Downloading spacy_legacy-3.0.12-py2.py3-none-any.whl.metadata (2.8 kB)
Collecting spacy-loggers<2.0.0,>=1.0.0 (from spacy==3.5.4)
  Downloading spacy_loggers-1.0.5-py3-none-any.whl.metadata (23 kB)
Collecting murmurhash<1.1.0,>=0.28.0 (from spacy==3.5.4)
  Downloading murmurhash-1.0.15-cp39-cp39-manylinux1_x86_64.manylinux2014_x86_64.manylinux_2_17_x86_64.manylinux_2_5_x86_64.whl.metadata (2.3 kB)
Collecting cymem<2.1.0,>=2.0.2 (from spacy==3.5.4)
  Downloading cymem-2.0.13-cp39-cp39-manylinux2014_x86_64.manylinux_2_17_x86_64.whl.metadata (9.7 kB)
Collecting preshed<3.1.0,>=3.0.2 (from spacy==3.5.4)
  Downloading preshed-3.0.13-cp39-cp39-manylinux2014_x86_64.manylinux_2_17_x86_64.whl.metadata (5.2 kB)
Collecting thinc<8.2.0,>=8.1.8 (from spacy==3.5.4)
  Downloading thinc-8.1.12-cp39-cp39-manylinux_2_17_x86_64.manylinux2014_x86_64.whl.metadata (15 kB)
Collecting wasabi<1.2.0,>=0.9.1 (from spacy==3.5.4)
  Downloading wasabi-1.1.3-py3-none-any.whl.metadata (28 kB)
Collecting srsly<3.0.0,>=2.4.3 (from spacy==3.5.4)
  Downloading srsly-2.5.3-cp39-cp39-manylinux2014_x86_64.manylinux_2_17_x86_64.whl.metadata (19 kB)
Collecting catalogue<2.1.0,>=2.0.6 (from spacy==3.5.4)
  Downloading catalogue-2.0.10-py3-none-any.whl.metadata (14 kB)
Collecting typer<0.10.0,>=0.3.0 (from spacy==3.5.4)
  Downloading typer-0.9.4-py3-none-any.whl.metadata (14 kB)
Collecting pathy>=0.10.0 (from spacy==3.5.4)
  Downloading pathy-0.11.0-py3-none-any.whl.metadata (16 kB)
Collecting smart-open<7.0.0,>=5.2.1 (from spacy==3.5.4)
  Downloading smart_open-6.4.0-py3-none-any.whl.metadata (21 kB)
Collecting tqdm<5.0.0,>=4.38.0 (from spacy==3.5.4)
  Downloading tqdm-4.67.3-py3-none-any.whl.metadata (57 kB)
Requirement already satisfied: numpy>=1.15.0 in /venv/RVCD/lib/python3.9/site-packages (from spacy==3.5.4) (1.26.4)
Requirement already satisfied: requests<3.0.0,>=2.13.0 in /venv/RVCD/lib/python3.9/site-packages (from spacy==3.5.4) (2.28.1)
Collecting pydantic!=1.8,!=1.8.1,<1.11.0,>=1.7.4 (from spacy==3.5.4)
  Downloading pydantic-1.10.26-cp39-cp39-manylinux2014_x86_64.manylinux_2_17_x86_64.whl.metadata (155 kB)
Requirement already satisfied: jinja2 in /venv/RVCD/lib/python3.9/site-packages (from spacy==3.5.4) (3.1.6)
Requirement already satisfied: setuptools in /venv/RVCD/lib/python3.9/site-packages (from spacy==3.5.4) (80.10.2)
Requirement already satisfied: packaging>=20.0 in /venv/RVCD/lib/python3.9/site-packages (from spacy==3.5.4) (26.2)
Collecting langcodes<4.0.0,>=3.2.0 (from spacy==3.5.4)
  Downloading langcodes-3.5.1-py3-none-any.whl.metadata (30 kB)
Requirement already satisfied: typing-extensions>=4.2.0 in /venv/RVCD/lib/python3.9/site-packages (from pydantic!=1.8,!=1.8.1,<1.11.0,>=1.7.4->spacy==3.5.4) (4.15.0)
Requirement already satisfied: charset-normalizer<3,>=2 in /venv/RVCD/lib/python3.9/site-packages (from requests<3.0.0,>=2.13.0->spacy==3.5.4) (2.1.1)
Requirement already satisfied: idna<4,>=2.5 in /venv/RVCD/lib/python3.9/site-packages (from requests<3.0.0,>=2.13.0->spacy==3.5.4) (3.4)
Requirement already satisfied: urllib3<1.27,>=1.21.1 in /venv/RVCD/lib/python3.9/site-packages (from requests<3.0.0,>=2.13.0->spacy==3.5.4) (1.26.13)
Requirement already satisfied: certifi>=2017.4.17 in /venv/RVCD/lib/python3.9/site-packages (from requests<3.0.0,>=2.13.0->spacy==3.5.4) (2022.12.7)
Collecting blis<0.8.0,>=0.7.8 (from thinc<8.2.0,>=8.1.8->spacy==3.5.4)
  Downloading blis-0.7.11-cp39-cp39-manylinux_2_17_x86_64.manylinux2014_x86_64.whl.metadata (7.4 kB)
Collecting confection<1.0.0,>=0.0.1 (from thinc<8.2.0,>=8.1.8->spacy==3.5.4)
  Downloading confection-0.1.5-py3-none-any.whl.metadata (19 kB)
Collecting click<9.0.0,>=7.1.1 (from typer<0.10.0,>=0.3.0->spacy==3.5.4)
  Downloading click-8.1.8-py3-none-any.whl.metadata (2.3 kB)
Collecting pathlib-abc==0.1.1 (from pathy>=0.10.0->spacy==3.5.4)
  Downloading pathlib_abc-0.1.1-py3-none-any.whl.metadata (18 kB)
Requirement already satisfied: MarkupSafe>=2.0 in /venv/RVCD/lib/python3.9/site-packages (from jinja2->spacy==3.5.4) (3.0.2)
Downloading spacy-3.5.4-cp39-cp39-manylinux_2_17_x86_64.manylinux2014_x86_64.whl (6.6 MB)
   ━━━━━━━━━━━━━━━━━━━━━━━━━━━━━━━━━━━━━━━━ 6.6/6.6 MB 34.0 MB/s  0:00:00
Downloading catalogue-2.0.10-py3-none-any.whl (17 kB)
Downloading cymem-2.0.13-cp39-cp39-manylinux2014_x86_64.manylinux_2_17_x86_64.whl (229 kB)
Downloading langcodes-3.5.1-py3-none-any.whl (183 kB)
Downloading murmurhash-1.0.15-cp39-cp39-manylinux1_x86_64.manylinux2014_x86_64.manylinux_2_17_x86_64.manylinux_2_5_x86_64.whl (122 kB)
Downloading preshed-3.0.13-cp39-cp39-manylinux2014_x86_64.manylinux_2_17_x86_64.whl (780 kB)
   ━━━━━━━━━━━━━━━━━━━━━━━━━━━━━━━━━━━━━━━━ 780.4/780.4 kB 142.9 MB/s  0:00:00
Downloading pydantic-1.10.26-cp39-cp39-manylinux2014_x86_64.manylinux_2_17_x86_64.whl (2.9 MB)
   ━━━━━━━━━━━━━━━━━━━━━━━━━━━━━━━━━━━━━━━━ 2.9/2.9 MB 71.7 MB/s  0:00:00
Downloading smart_open-6.4.0-py3-none-any.whl (57 kB)
Downloading spacy_legacy-3.0.12-py2.py3-none-any.whl (29 kB)
Downloading spacy_loggers-1.0.5-py3-none-any.whl (22 kB)
Downloading srsly-2.5.3-cp39-cp39-manylinux2014_x86_64.manylinux_2_17_x86_64.whl (1.1 MB)
   ━━━━━━━━━━━━━━━━━━━━━━━━━━━━━━━━━━━━━━━━ 1.1/1.1 MB 40.7 MB/s  0:00:00
Downloading thinc-8.1.12-cp39-cp39-manylinux_2_17_x86_64.manylinux2014_x86_64.whl (935 kB)
   ━━━━━━━━━━━━━━━━━━━━━━━━━━━━━━━━━━━━━━━━ 935.1/935.1 kB 114.8 MB/s  0:00:00
Downloading blis-0.7.11-cp39-cp39-manylinux_2_17_x86_64.manylinux2014_x86_64.whl (10.2 MB)
   ━━━━━━━━━━━━━━━━━━━━━━━━━━━━━━━━━━━━━━━━ 10.2/10.2 MB 45.9 MB/s  0:00:00
Downloading confection-0.1.5-py3-none-any.whl (35 kB)
Downloading tqdm-4.67.3-py3-none-any.whl (78 kB)
Downloading typer-0.9.4-py3-none-any.whl (45 kB)
Downloading click-8.1.8-py3-none-any.whl (98 kB)
Downloading wasabi-1.1.3-py3-none-any.whl (27 kB)
Downloading pathy-0.11.0-py3-none-any.whl (47 kB)
Downloading pathlib_abc-0.1.1-py3-none-any.whl (23 kB)
Installing collected packages: wasabi, tqdm, spacy-loggers, spacy-legacy, smart-open, pydantic, pathlib-abc, murmurhash, langcodes, cymem, click, catalogue, blis, typer, srsly, preshed, pathy, confection, thinc, spacy

Successfully installed blis-0.7.11 catalogue-2.0.10 click-8.1.8 confection-0.1.5 cymem-2.0.13 langcodes-3.5.1 murmurhash-1.0.15 pathlib-abc-0.1.1 pathy-0.11.0 preshed-3.0.13 pydantic-1.10.26 smart-open-6.4.0 spacy-3.5.4 spacy-legacy-3.0.12 spacy-loggers-1.0.5 srsly-2.5.3 thinc-8.1.12 tqdm-4.67.3 typer-0.9.4 wasabi-1.1.3
WARNING: Running pip as the 'root' user can result in broken permissions and conflicting behaviour with the system package manager, possibly rendering your system unusable. It is recommended to use a virtual environment instead: https://pip.pypa.io/warnings/venv. Use the --root-user-action option if you know what you are doing and want to suppress this warning.

[notice] A new release of pip is available: 25.3 -> 26.0.1
[notice] To update, run: pip install --upgrade pip
+ python -m pip install spacy==3.5.4
Collecting spacy==3.5.4
  Using cached spacy-3.5.4-cp39-cp39-manylinux_2_17_x86_64.manylinux2014_x86_64.whl.metadata (25 kB)
Collecting spacy-legacy<3.1.0,>=3.0.11 (from spacy==3.5.4)
  Using cached spacy_legacy-3.0.12-py2.py3-none-any.whl.metadata (2.8 kB)
Collecting spacy-loggers<2.0.0,>=1.0.0 (from spacy==3.5.4)
  Using cached spacy_loggers-1.0.5-py3-none-any.whl.metadata (23 kB)
Collecting murmurhash<1.1.0,>=0.28.0 (from spacy==3.5.4)
  Using cached murmurhash-1.0.15-cp39-cp39-manylinux1_x86_64.manylinux2014_x86_64.manylinux_2_17_x86_64.manylinux_2_5_x86_64.whl.metadata (2.3 kB)
Collecting cymem<2.1.0,>=2.0.2 (from spacy==3.5.4)
  Using cached cymem-2.0.13-cp39-cp39-manylinux2014_x86_64.manylinux_2_17_x86_64.whl.metadata (9.7 kB)
Collecting preshed<3.1.0,>=3.0.2 (from spacy==3.5.4)
  Using cached preshed-3.0.13-cp39-cp39-manylinux2014_x86_64.manylinux_2_17_x86_64.whl.metadata (5.2 kB)
Collecting thinc<8.2.0,>=8.1.8 (from spacy==3.5.4)
  Using cached thinc-8.1.12-cp39-cp39-manylinux_2_17_x86_64.manylinux2014_x86_64.whl.metadata (15 kB)
Collecting wasabi<1.2.0,>=0.9.1 (from spacy==3.5.4)
  Using cached wasabi-1.1.3-py3-none-any.whl.metadata (28 kB)
Collecting srsly<3.0.0,>=2.4.3 (from spacy==3.5.4)
  Using cached srsly-2.5.3-cp39-cp39-manylinux2014_x86_64.manylinux_2_17_x86_64.whl.metadata (19 kB)
Collecting catalogue<2.1.0,>=2.0.6 (from spacy==3.5.4)
  Using cached catalogue-2.0.10-py3-none-any.whl.metadata (14 kB)
Collecting typer<0.10.0,>=0.3.0 (from spacy==3.5.4)
  Using cached typer-0.9.4-py3-none-any.whl.metadata (14 kB)
Collecting pathy>=0.10.0 (from spacy==3.5.4)
  Using cached pathy-0.11.0-py3-none-any.whl.metadata (16 kB)
Collecting smart-open<7.0.0,>=5.2.1 (from spacy==3.5.4)
  Using cached smart_open-6.4.0-py3-none-any.whl.metadata (21 kB)
Collecting tqdm<5.0.0,>=4.38.0 (from spacy==3.5.4)
  Using cached tqdm-4.67.3-py3-none-any.whl.metadata (57 kB)
Requirement already satisfied: numpy>=1.15.0 in /venv/RVCD/lib/python3.9/site-packages (from spacy==3.5.4) (1.26.4)
Requirement already satisfied: requests<3.0.0,>=2.13.0 in /venv/RVCD/lib/python3.9/site-packages (from spacy==3.5.4) (2.28.1)
Collecting pydantic!=1.8,!=1.8.1,<1.11.0,>=1.7.4 (from spacy==3.5.4)
  Using cached pydantic-1.10.26-cp39-cp39-manylinux2014_x86_64.manylinux_2_17_x86_64.whl.metadata (155 kB)
Requirement already satisfied: jinja2 in /venv/RVCD/lib/python3.9/site-packages (from spacy==3.5.4) (3.1.6)
Requirement already satisfied: setuptools in /venv/RVCD/lib/python3.9/site-packages (from spacy==3.5.4) (80.10.2)
Requirement already satisfied: packaging>=20.0 in /venv/RVCD/lib/python3.9/site-packages (from spacy==3.5.4) (26.2)
Collecting langcodes<4.0.0,>=3.2.0 (from spacy==3.5.4)
  Using cached langcodes-3.5.1-py3-none-any.whl.metadata (30 kB)
Requirement already satisfied: typing-extensions>=4.2.0 in /venv/RVCD/lib/python3.9/site-packages (from pydantic!=1.8,!=1.8.1,<1.11.0,>=1.7.4->spacy==3.5.4) (4.15.0)
Requirement already satisfied: charset-normalizer<3,>=2 in /venv/RVCD/lib/python3.9/site-packages (from requests<3.0.0,>=2.13.0->spacy==3.5.4) (2.1.1)
Requirement already satisfied: idna<4,>=2.5 in /venv/RVCD/lib/python3.9/site-packages (from requests<3.0.0,>=2.13.0->spacy==3.5.4) (3.4)
Requirement already satisfied: urllib3<1.27,>=1.21.1 in /venv/RVCD/lib/python3.9/site-packages (from requests<3.0.0,>=2.13.0->spacy==3.5.4) (1.26.13)
Requirement already satisfied: certifi>=2017.4.17 in /venv/RVCD/lib/python3.9/site-packages (from requests<3.0.0,>=2.13.0->spacy==3.5.4) (2022.12.7)
Collecting blis<0.8.0,>=0.7.8 (from thinc<8.2.0,>=8.1.8->spacy==3.5.4)
  Using cached blis-0.7.11-cp39-cp39-manylinux_2_17_x86_64.manylinux2014_x86_64.whl.metadata (7.4 kB)
Collecting confection<1.0.0,>=0.0.1 (from thinc<8.2.0,>=8.1.8->spacy==3.5.4)
  Using cached confection-0.1.5-py3-none-any.whl.metadata (19 kB)
Collecting click<9.0.0,>=7.1.1 (from typer<0.10.0,>=0.3.0->spacy==3.5.4)
  Using cached click-8.1.8-py3-none-any.whl.metadata (2.3 kB)
Collecting pathlib-abc==0.1.1 (from pathy>=0.10.0->spacy==3.5.4)
  Using cached pathlib_abc-0.1.1-py3-none-any.whl.metadata (18 kB)
Requirement already satisfied: MarkupSafe>=2.0 in /venv/RVCD/lib/python3.9/site-packages (from jinja2->spacy==3.5.4) (3.0.2)
Using cached spacy-3.5.4-cp39-cp39-manylinux_2_17_x86_64.manylinux2014_x86_64.whl (6.6 MB)
Using cached catalogue-2.0.10-py3-none-any.whl (17 kB)
Using cached cymem-2.0.13-cp39-cp39-manylinux2014_x86_64.manylinux_2_17_x86_64.whl (229 kB)
Using cached langcodes-3.5.1-py3-none-any.whl (183 kB)
Using cached murmurhash-1.0.15-cp39-cp39-manylinux1_x86_64.manylinux2014_x86_64.manylinux_2_17_x86_64.manylinux_2_5_x86_64.whl (122 kB)
Using cached preshed-3.0.13-cp39-cp39-manylinux2014_x86_64.manylinux_2_17_x86_64.whl (780 kB)
Using cached pydantic-1.10.26-cp39-cp39-manylinux2014_x86_64.manylinux_2_17_x86_64.whl (2.9 MB)
Using cached smart_open-6.4.0-py3-none-any.whl (57 kB)
Using cached spacy_legacy-3.0.12-py2.py3-none-any.whl (29 kB)
Using cached spacy_loggers-1.0.5-py3-none-any.whl (22 kB)
Using cached srsly-2.5.3-cp39-cp39-manylinux2014_x86_64.manylinux_2_17_x86_64.whl (1.1 MB)
Using cached thinc-8.1.12-cp39-cp39-manylinux_2_17_x86_64.manylinux2014_x86_64.whl (935 kB)
Using cached blis-0.7.11-cp39-cp39-manylinux_2_17_x86_64.manylinux2014_x86_64.whl (10.2 MB)
Using cached confection-0.1.5-py3-none-any.whl (35 kB)
Using cached tqdm-4.67.3-py3-none-any.whl (78 kB)
Using cached typer-0.9.4-py3-none-any.whl (45 kB)
Using cached click-8.1.8-py3-none-any.whl (98 kB)
Using cached wasabi-1.1.3-py3-none-any.whl (27 kB)
Using cached pathy-0.11.0-py3-none-any.whl (47 kB)
Using cached pathlib_abc-0.1.1-py3-none-any.whl (23 kB)
Installing collected packages: wasabi, tqdm, spacy-loggers, spacy-legacy, smart-open, pydantic, pathlib-abc, murmurhash, langcodes, cymem, click, catalogue, blis, typer, srsly, preshed, pathy, confection, thinc, spacy

Successfully installed blis-0.7.11 catalogue-2.0.10 click-8.1.8 confection-0.1.5 cymem-2.0.13 langcodes-3.5.1 murmurhash-1.0.15 pathlib-abc-0.1.1 pathy-0.11.0 preshed-3.0.13 pydantic-1.10.26 smart-open-6.4.0 spacy-3.5.4 spacy-legacy-3.0.12 spacy-loggers-1.0.5 srsly-2.5.3 thinc-8.1.12 tqdm-4.67.3 typer-0.9.4 wasabi-1.1.3
WARNING: Running pip as the 'root' user can result in broken permissions and conflicting behaviour with the system package manager, possibly rendering your system unusable. It is recommended to use a virtual environment instead: https://pip.pypa.io/warnings/venv. Use the --root-user-action option if you know what you are doing and want to suppress this warning.

[notice] A new release of pip is available: 25.3 -> 26.0.1
[notice] To update, run: pip install --upgrade pip
+ python -m pip install spacy==3.5.4
Collecting spacy==3.5.4
  Using cached spacy-3.5.4-cp39-cp39-manylinux_2_17_x86_64.manylinux2014_x86_64.whl.metadata (25 kB)
Collecting spacy-legacy<3.1.0,>=3.0.11 (from spacy==3.5.4)
  Using cached spacy_legacy-3.0.12-py2.py3-none-any.whl.metadata (2.8 kB)
Collecting spacy-loggers<2.0.0,>=1.0.0 (from spacy==3.5.4)
  Using cached spacy_loggers-1.0.5-py3-none-any.whl.metadata (23 kB)
Collecting murmurhash<1.1.0,>=0.28.0 (from spacy==3.5.4)
  Using cached murmurhash-1.0.15-cp39-cp39-manylinux1_x86_64.manylinux2014_x86_64.manylinux_2_17_x86_64.manylinux_2_5_x86_64.whl.metadata (2.3 kB)
Collecting cymem<2.1.0,>=2.0.2 (from spacy==3.5.4)
  Using cached cymem-2.0.13-cp39-cp39-manylinux2014_x86_64.manylinux_2_17_x86_64.whl.metadata (9.7 kB)
Collecting preshed<3.1.0,>=3.0.2 (from spacy==3.5.4)
  Using cached preshed-3.0.13-cp39-cp39-manylinux2014_x86_64.manylinux_2_17_x86_64.whl.metadata (5.2 kB)
Collecting thinc<8.2.0,>=8.1.8 (from spacy==3.5.4)
  Using cached thinc-8.1.12-cp39-cp39-manylinux_2_17_x86_64.manylinux2014_x86_64.whl.metadata (15 kB)
Collecting wasabi<1.2.0,>=0.9.1 (from spacy==3.5.4)
  Using cached wasabi-1.1.3-py3-none-any.whl.metadata (28 kB)
Collecting srsly<3.0.0,>=2.4.3 (from spacy==3.5.4)
  Using cached srsly-2.5.3-cp39-cp39-manylinux2014_x86_64.manylinux_2_17_x86_64.whl.metadata (19 kB)
Collecting catalogue<2.1.0,>=2.0.6 (from spacy==3.5.4)
  Using cached catalogue-2.0.10-py3-none-any.whl.metadata (14 kB)
Collecting typer<0.10.0,>=0.3.0 (from spacy==3.5.4)
  Using cached typer-0.9.4-py3-none-any.whl.metadata (14 kB)
Collecting pathy>=0.10.0 (from spacy==3.5.4)
  Using cached pathy-0.11.0-py3-none-any.whl.metadata (16 kB)
Collecting smart-open<7.0.0,>=5.2.1 (from spacy==3.5.4)
  Using cached smart_open-6.4.0-py3-none-any.whl.metadata (21 kB)
Collecting tqdm<5.0.0,>=4.38.0 (from spacy==3.5.4)
  Using cached tqdm-4.67.3-py3-none-any.whl.metadata (57 kB)
Requirement already satisfied: numpy>=1.15.0 in /venv/RVCD/lib/python3.9/site-packages (from spacy==3.5.4) (1.26.4)
Requirement already satisfied: requests<3.0.0,>=2.13.0 in /venv/RVCD/lib/python3.9/site-packages (from spacy==3.5.4) (2.28.1)
Collecting pydantic!=1.8,!=1.8.1,<1.11.0,>=1.7.4 (from spacy==3.5.4)
  Using cached pydantic-1.10.26-cp39-cp39-manylinux2014_x86_64.manylinux_2_17_x86_64.whl.metadata (155 kB)
Requirement already satisfied: jinja2 in /venv/RVCD/lib/python3.9/site-packages (from spacy==3.5.4) (3.1.6)
Requirement already satisfied: setuptools in /venv/RVCD/lib/python3.9/site-packages (from spacy==3.5.4) (80.10.2)
Requirement already satisfied: packaging>=20.0 in /venv/RVCD/lib/python3.9/site-packages (from spacy==3.5.4) (26.2)
Collecting langcodes<4.0.0,>=3.2.0 (from spacy==3.5.4)
  Using cached langcodes-3.5.1-py3-none-any.whl.metadata (30 kB)
Requirement already satisfied: typing-extensions>=4.2.0 in /venv/RVCD/lib/python3.9/site-packages (from pydantic!=1.8,!=1.8.1,<1.11.0,>=1.7.4->spacy==3.5.4) (4.15.0)
Requirement already satisfied: charset-normalizer<3,>=2 in /venv/RVCD/lib/python3.9/site-packages (from requests<3.0.0,>=2.13.0->spacy==3.5.4) (2.1.1)
Requirement already satisfied: idna<4,>=2.5 in /venv/RVCD/lib/python3.9/site-packages (from requests<3.0.0,>=2.13.0->spacy==3.5.4) (3.4)
Requirement already satisfied: urllib3<1.27,>=1.21.1 in /venv/RVCD/lib/python3.9/site-packages (from requests<3.0.0,>=2.13.0->spacy==3.5.4) (1.26.13)
Requirement already satisfied: certifi>=2017.4.17 in /venv/RVCD/lib/python3.9/site-packages (from requests<3.0.0,>=2.13.0->spacy==3.5.4) (2022.12.7)
Collecting blis<0.8.0,>=0.7.8 (from thinc<8.2.0,>=8.1.8->spacy==3.5.4)
  Using cached blis-0.7.11-cp39-cp39-manylinux_2_17_x86_64.manylinux2014_x86_64.whl.metadata (7.4 kB)
Collecting confection<1.0.0,>=0.0.1 (from thinc<8.2.0,>=8.1.8->spacy==3.5.4)
  Using cached confection-0.1.5-py3-none-any.whl.metadata (19 kB)
Collecting click<9.0.0,>=7.1.1 (from typer<0.10.0,>=0.3.0->spacy==3.5.4)
  Using cached click-8.1.8-py3-none-any.whl.metadata (2.3 kB)
Collecting pathlib-abc==0.1.1 (from pathy>=0.10.0->spacy==3.5.4)
  Using cached pathlib_abc-0.1.1-py3-none-any.whl.metadata (18 kB)
Requirement already satisfied: MarkupSafe>=2.0 in /venv/RVCD/lib/python3.9/site-packages (from jinja2->spacy==3.5.4) (3.0.2)
Using cached spacy-3.5.4-cp39-cp39-manylinux_2_17_x86_64.manylinux2014_x86_64.whl (6.6 MB)
Using cached catalogue-2.0.10-py3-none-any.whl (17 kB)
Using cached cymem-2.0.13-cp39-cp39-manylinux2014_x86_64.manylinux_2_17_x86_64.whl (229 kB)
Using cached langcodes-3.5.1-py3-none-any.whl (183 kB)
Using cached murmurhash-1.0.15-cp39-cp39-manylinux1_x86_64.manylinux2014_x86_64.manylinux_2_17_x86_64.manylinux_2_5_x86_64.whl (122 kB)
Using cached preshed-3.0.13-cp39-cp39-manylinux2014_x86_64.manylinux_2_17_x86_64.whl (780 kB)
Using cached pydantic-1.10.26-cp39-cp39-manylinux2014_x86_64.manylinux_2_17_x86_64.whl (2.9 MB)
Using cached smart_open-6.4.0-py3-none-any.whl (57 kB)
Using cached spacy_legacy-3.0.12-py2.py3-none-any.whl (29 kB)
Using cached spacy_loggers-1.0.5-py3-none-any.whl (22 kB)
Using cached srsly-2.5.3-cp39-cp39-manylinux2014_x86_64.manylinux_2_17_x86_64.whl (1.1 MB)
Using cached thinc-8.1.12-cp39-cp39-manylinux_2_17_x86_64.manylinux2014_x86_64.whl (935 kB)
Using cached blis-0.7.11-cp39-cp39-manylinux_2_17_x86_64.manylinux2014_x86_64.whl (10.2 MB)
Using cached confection-0.1.5-py3-none-any.whl (35 kB)
Using cached tqdm-4.67.3-py3-none-any.whl (78 kB)
Using cached typer-0.9.4-py3-none-any.whl (45 kB)
Using cached click-8.1.8-py3-none-any.whl (98 kB)
Using cached wasabi-1.1.3-py3-none-any.whl (27 kB)
Using cached pathy-0.11.0-py3-none-any.whl (47 kB)
Using cached pathlib_abc-0.1.1-py3-none-any.whl (23 kB)
Installing collected packages: wasabi, tqdm, spacy-loggers, spacy-legacy, smart-open, pydantic, pathlib-abc, murmurhash, langcodes, cymem, click, catalogue, blis, typer, srsly, preshed, pathy, confection, thinc, spacy

Successfully installed blis-0.7.11 catalogue-2.0.10 click-8.1.8 confection-0.1.5 cymem-2.0.13 langcodes-3.5.1 murmurhash-1.0.15 pathlib-abc-0.1.1 pathy-0.11.0 preshed-3.0.13 pydantic-1.10.26 smart-open-6.4.0 spacy-3.5.4 spacy-legacy-3.0.12 spacy-loggers-1.0.5 srsly-2.5.3 thinc-8.1.12 tqdm-4.67.3 typer-0.9.4 wasabi-1.1.3
WARNING: Running pip as the 'root' user can result in broken permissions and conflicting behaviour with the system package manager, possibly rendering your system unusable. It is recommended to use a virtual environment instead: https://pip.pypa.io/warnings/venv. Use the --root-user-action option if you know what you are doing and want to suppress this warning.

[notice] A new release of pip is available: 25.3 -> 26.0.1
[notice] To update, run: pip install --upgrade pip
+ python -m pip install spacy==3.5.4
Collecting spacy==3.5.4
  Using cached spacy-3.5.4-cp39-cp39-manylinux_2_17_x86_64.manylinux2014_x86_64.whl.metadata (25 kB)
Collecting spacy-legacy<3.1.0,>=3.0.11 (from spacy==3.5.4)
  Using cached spacy_legacy-3.0.12-py2.py3-none-any.whl.metadata (2.8 kB)
Collecting spacy-loggers<2.0.0,>=1.0.0 (from spacy==3.5.4)
  Using cached spacy_loggers-1.0.5-py3-none-any.whl.metadata (23 kB)
Collecting murmurhash<1.1.0,>=0.28.0 (from spacy==3.5.4)
  Using cached murmurhash-1.0.15-cp39-cp39-manylinux1_x86_64.manylinux2014_x86_64.manylinux_2_17_x86_64.manylinux_2_5_x86_64.whl.metadata (2.3 kB)
Collecting cymem<2.1.0,>=2.0.2 (from spacy==3.5.4)
  Using cached cymem-2.0.13-cp39-cp39-manylinux2014_x86_64.manylinux_2_17_x86_64.whl.metadata (9.7 kB)
Collecting preshed<3.1.0,>=3.0.2 (from spacy==3.5.4)
  Using cached preshed-3.0.13-cp39-cp39-manylinux2014_x86_64.manylinux_2_17_x86_64.whl.metadata (5.2 kB)
Collecting thinc<8.2.0,>=8.1.8 (from spacy==3.5.4)
  Using cached thinc-8.1.12-cp39-cp39-manylinux_2_17_x86_64.manylinux2014_x86_64.whl.metadata (15 kB)
Collecting wasabi<1.2.0,>=0.9.1 (from spacy==3.5.4)
  Using cached wasabi-1.1.3-py3-none-any.whl.metadata (28 kB)
Collecting srsly<3.0.0,>=2.4.3 (from spacy==3.5.4)
  Using cached srsly-2.5.3-cp39-cp39-manylinux2014_x86_64.manylinux_2_17_x86_64.whl.metadata (19 kB)
Collecting catalogue<2.1.0,>=2.0.6 (from spacy==3.5.4)
  Using cached catalogue-2.0.10-py3-none-any.whl.metadata (14 kB)
Collecting typer<0.10.0,>=0.3.0 (from spacy==3.5.4)
  Using cached typer-0.9.4-py3-none-any.whl.metadata (14 kB)
Collecting pathy>=0.10.0 (from spacy==3.5.4)
  Using cached pathy-0.11.0-py3-none-any.whl.metadata (16 kB)
Collecting smart-open<7.0.0,>=5.2.1 (from spacy==3.5.4)
  Using cached smart_open-6.4.0-py3-none-any.whl.metadata (21 kB)
Collecting tqdm<5.0.0,>=4.38.0 (from spacy==3.5.4)
  Using cached tqdm-4.67.3-py3-none-any.whl.metadata (57 kB)
Requirement already satisfied: numpy>=1.15.0 in /venv/RVCD/lib/python3.9/site-packages (from spacy==3.5.4) (1.26.4)
Requirement already satisfied: requests<3.0.0,>=2.13.0 in /venv/RVCD/lib/python3.9/site-packages (from spacy==3.5.4) (2.28.1)
Collecting pydantic!=1.8,!=1.8.1,<1.11.0,>=1.7.4 (from spacy==3.5.4)
  Using cached pydantic-1.10.26-cp39-cp39-manylinux2014_x86_64.manylinux_2_17_x86_64.whl.metadata (155 kB)
Requirement already satisfied: jinja2 in /venv/RVCD/lib/python3.9/site-packages (from spacy==3.5.4) (3.1.6)
Requirement already satisfied: setuptools in /venv/RVCD/lib/python3.9/site-packages (from spacy==3.5.4) (80.10.2)
Requirement already satisfied: packaging>=20.0 in /venv/RVCD/lib/python3.9/site-packages (from spacy==3.5.4) (26.2)
Collecting langcodes<4.0.0,>=3.2.0 (from spacy==3.5.4)
  Using cached langcodes-3.5.1-py3-none-any.whl.metadata (30 kB)
Requirement already satisfied: typing-extensions>=4.2.0 in /venv/RVCD/lib/python3.9/site-packages (from pydantic!=1.8,!=1.8.1,<1.11.0,>=1.7.4->spacy==3.5.4) (4.15.0)
Requirement already satisfied: charset-normalizer<3,>=2 in /venv/RVCD/lib/python3.9/site-packages (from requests<3.0.0,>=2.13.0->spacy==3.5.4) (2.1.1)
Requirement already satisfied: idna<4,>=2.5 in /venv/RVCD/lib/python3.9/site-packages (from requests<3.0.0,>=2.13.0->spacy==3.5.4) (3.4)
Requirement already satisfied: urllib3<1.27,>=1.21.1 in /venv/RVCD/lib/python3.9/site-packages (from requests<3.0.0,>=2.13.0->spacy==3.5.4) (1.26.13)
Requirement already satisfied: certifi>=2017.4.17 in /venv/RVCD/lib/python3.9/site-packages (from requests<3.0.0,>=2.13.0->spacy==3.5.4) (2022.12.7)
Collecting blis<0.8.0,>=0.7.8 (from thinc<8.2.0,>=8.1.8->spacy==3.5.4)
  Using cached blis-0.7.11-cp39-cp39-manylinux_2_17_x86_64.manylinux2014_x86_64.whl.metadata (7.4 kB)
Collecting confection<1.0.0,>=0.0.1 (from thinc<8.2.0,>=8.1.8->spacy==3.5.4)
  Using cached confection-0.1.5-py3-none-any.whl.metadata (19 kB)
Collecting click<9.0.0,>=7.1.1 (from typer<0.10.0,>=0.3.0->spacy==3.5.4)
  Using cached click-8.1.8-py3-none-any.whl.metadata (2.3 kB)
Collecting pathlib-abc==0.1.1 (from pathy>=0.10.0->spacy==3.5.4)
  Using cached pathlib_abc-0.1.1-py3-none-any.whl.metadata (18 kB)
Requirement already satisfied: MarkupSafe>=2.0 in /venv/RVCD/lib/python3.9/site-packages (from jinja2->spacy==3.5.4) (3.0.2)
Using cached spacy-3.5.4-cp39-cp39-manylinux_2_17_x86_64.manylinux2014_x86_64.whl (6.6 MB)
Using cached catalogue-2.0.10-py3-none-any.whl (17 kB)
Using cached cymem-2.0.13-cp39-cp39-manylinux2014_x86_64.manylinux_2_17_x86_64.whl (229 kB)
Using cached langcodes-3.5.1-py3-none-any.whl (183 kB)
Using cached murmurhash-1.0.15-cp39-cp39-manylinux1_x86_64.manylinux2014_x86_64.manylinux_2_17_x86_64.manylinux_2_5_x86_64.whl (122 kB)
Using cached preshed-3.0.13-cp39-cp39-manylinux2014_x86_64.manylinux_2_17_x86_64.whl (780 kB)
Using cached pydantic-1.10.26-cp39-cp39-manylinux2014_x86_64.manylinux_2_17_x86_64.whl (2.9 MB)
Using cached smart_open-6.4.0-py3-none-any.whl (57 kB)
Using cached spacy_legacy-3.0.12-py2.py3-none-any.whl (29 kB)
Using cached spacy_loggers-1.0.5-py3-none-any.whl (22 kB)
Using cached srsly-2.5.3-cp39-cp39-manylinux2014_x86_64.manylinux_2_17_x86_64.whl (1.1 MB)
Using cached thinc-8.1.12-cp39-cp39-manylinux_2_17_x86_64.manylinux2014_x86_64.whl (935 kB)
Using cached blis-0.7.11-cp39-cp39-manylinux_2_17_x86_64.manylinux2014_x86_64.whl (10.2 MB)
Using cached confection-0.1.5-py3-none-any.whl (35 kB)
Using cached tqdm-4.67.3-py3-none-any.whl (78 kB)
Using cached typer-0.9.4-py3-none-any.whl (45 kB)
Using cached click-8.1.8-py3-none-any.whl (98 kB)
Using cached wasabi-1.1.3-py3-none-any.whl (27 kB)
Using cached pathy-0.11.0-py3-none-any.whl (47 kB)
Using cached pathlib_abc-0.1.1-py3-none-any.whl (23 kB)
Installing collected packages: wasabi, tqdm, spacy-loggers, spacy-legacy, smart-open, pydantic, pathlib-abc, murmurhash, langcodes, cymem, click, catalogue, blis, typer, srsly, preshed, pathy, confection, thinc, spacy

Successfully installed blis-0.7.11 catalogue-2.0.10 click-8.1.8 confection-0.1.5 cymem-2.0.13 langcodes-3.5.1 murmurhash-1.0.15 pathlib-abc-0.1.1 pathy-0.11.0 preshed-3.0.13 pydantic-1.10.26 smart-open-6.4.0 spacy-3.5.4 spacy-legacy-3.0.12 spacy-loggers-1.0.5 srsly-2.5.3 thinc-8.1.12 tqdm-4.67.3 typer-0.9.4 wasabi-1.1.3
WARNING: Running pip as the 'root' user can result in broken permissions and conflicting behaviour with the system package manager, possibly rendering your system unusable. It is recommended to use a virtual environment instead: https://pip.pypa.io/warnings/venv. Use the --root-user-action option if you know what you are doing and want to suppress this warning.

[notice] A new release of pip is available: 25.3 -> 26.0.1
[notice] To update, run: pip install --upgrade pip
+ python -m pip install spacy==3.5.4
Collecting spacy==3.5.4
  Using cached spacy-3.5.4-cp39-cp39-manylinux_2_17_x86_64.manylinux2014_x86_64.whl.metadata (25 kB)
Collecting spacy-legacy<3.1.0,>=3.0.11 (from spacy==3.5.4)
  Using cached spacy_legacy-3.0.12-py2.py3-none-any.whl.metadata (2.8 kB)
Collecting spacy-loggers<2.0.0,>=1.0.0 (from spacy==3.5.4)
  Using cached spacy_loggers-1.0.5-py3-none-any.whl.metadata (23 kB)
Collecting murmurhash<1.1.0,>=0.28.0 (from spacy==3.5.4)
  Using cached murmurhash-1.0.15-cp39-cp39-manylinux1_x86_64.manylinux2014_x86_64.manylinux_2_17_x86_64.manylinux_2_5_x86_64.whl.metadata (2.3 kB)
Collecting cymem<2.1.0,>=2.0.2 (from spacy==3.5.4)
  Using cached cymem-2.0.13-cp39-cp39-manylinux2014_x86_64.manylinux_2_17_x86_64.whl.metadata (9.7 kB)
Collecting preshed<3.1.0,>=3.0.2 (from spacy==3.5.4)
  Using cached preshed-3.0.13-cp39-cp39-manylinux2014_x86_64.manylinux_2_17_x86_64.whl.metadata (5.2 kB)
Collecting thinc<8.2.0,>=8.1.8 (from spacy==3.5.4)
  Using cached thinc-8.1.12-cp39-cp39-manylinux_2_17_x86_64.manylinux2014_x86_64.whl.metadata (15 kB)
Collecting wasabi<1.2.0,>=0.9.1 (from spacy==3.5.4)
  Using cached wasabi-1.1.3-py3-none-any.whl.metadata (28 kB)
Collecting srsly<3.0.0,>=2.4.3 (from spacy==3.5.4)
  Using cached srsly-2.5.3-cp39-cp39-manylinux2014_x86_64.manylinux_2_17_x86_64.whl.metadata (19 kB)
Collecting catalogue<2.1.0,>=2.0.6 (from spacy==3.5.4)
  Using cached catalogue-2.0.10-py3-none-any.whl.metadata (14 kB)
Collecting typer<0.10.0,>=0.3.0 (from spacy==3.5.4)
  Using cached typer-0.9.4-py3-none-any.whl.metadata (14 kB)
Collecting pathy>=0.10.0 (from spacy==3.5.4)
  Using cached pathy-0.11.0-py3-none-any.whl.metadata (16 kB)
Collecting smart-open<7.0.0,>=5.2.1 (from spacy==3.5.4)
  Using cached smart_open-6.4.0-py3-none-any.whl.metadata (21 kB)
Collecting tqdm<5.0.0,>=4.38.0 (from spacy==3.5.4)
  Using cached tqdm-4.67.3-py3-none-any.whl.metadata (57 kB)
Requirement already satisfied: numpy>=1.15.0 in /venv/RVCD/lib/python3.9/site-packages (from spacy==3.5.4) (1.26.4)
Requirement already satisfied: requests<3.0.0,>=2.13.0 in /venv/RVCD/lib/python3.9/site-packages (from spacy==3.5.4) (2.28.1)
Collecting pydantic!=1.8,!=1.8.1,<1.11.0,>=1.7.4 (from spacy==3.5.4)
  Using cached pydantic-1.10.26-cp39-cp39-manylinux2014_x86_64.manylinux_2_17_x86_64.whl.metadata (155 kB)
Requirement already satisfied: jinja2 in /venv/RVCD/lib/python3.9/site-packages (from spacy==3.5.4) (3.1.6)
Requirement already satisfied: setuptools in /venv/RVCD/lib/python3.9/site-packages (from spacy==3.5.4) (80.10.2)
Requirement already satisfied: packaging>=20.0 in /venv/RVCD/lib/python3.9/site-packages (from spacy==3.5.4) (26.2)
Collecting langcodes<4.0.0,>=3.2.0 (from spacy==3.5.4)
  Using cached langcodes-3.5.1-py3-none-any.whl.metadata (30 kB)
Requirement already satisfied: typing-extensions>=4.2.0 in /venv/RVCD/lib/python3.9/site-packages (from pydantic!=1.8,!=1.8.1,<1.11.0,>=1.7.4->spacy==3.5.4) (4.15.0)
Requirement already satisfied: charset-normalizer<3,>=2 in /venv/RVCD/lib/python3.9/site-packages (from requests<3.0.0,>=2.13.0->spacy==3.5.4) (2.1.1)
Requirement already satisfied: idna<4,>=2.5 in /venv/RVCD/lib/python3.9/site-packages (from requests<3.0.0,>=2.13.0->spacy==3.5.4) (3.4)
Requirement already satisfied: urllib3<1.27,>=1.21.1 in /venv/RVCD/lib/python3.9/site-packages (from requests<3.0.0,>=2.13.0->spacy==3.5.4) (1.26.13)
Requirement already satisfied: certifi>=2017.4.17 in /venv/RVCD/lib/python3.9/site-packages (from requests<3.0.0,>=2.13.0->spacy==3.5.4) (2022.12.7)
Collecting blis<0.8.0,>=0.7.8 (from thinc<8.2.0,>=8.1.8->spacy==3.5.4)
  Using cached blis-0.7.11-cp39-cp39-manylinux_2_17_x86_64.manylinux2014_x86_64.whl.metadata (7.4 kB)
Collecting confection<1.0.0,>=0.0.1 (from thinc<8.2.0,>=8.1.8->spacy==3.5.4)
  Using cached confection-0.1.5-py3-none-any.whl.metadata (19 kB)
Collecting click<9.0.0,>=7.1.1 (from typer<0.10.0,>=0.3.0->spacy==3.5.4)
  Using cached click-8.1.8-py3-none-any.whl.metadata (2.3 kB)
Collecting pathlib-abc==0.1.1 (from pathy>=0.10.0->spacy==3.5.4)
  Using cached pathlib_abc-0.1.1-py3-none-any.whl.metadata (18 kB)
Requirement already satisfied: MarkupSafe>=2.0 in /venv/RVCD/lib/python3.9/site-packages (from jinja2->spacy==3.5.4) (3.0.2)
Using cached spacy-3.5.4-cp39-cp39-manylinux_2_17_x86_64.manylinux2014_x86_64.whl (6.6 MB)
Using cached catalogue-2.0.10-py3-none-any.whl (17 kB)
Using cached cymem-2.0.13-cp39-cp39-manylinux2014_x86_64.manylinux_2_17_x86_64.whl (229 kB)
Using cached langcodes-3.5.1-py3-none-any.whl (183 kB)
Using cached murmurhash-1.0.15-cp39-cp39-manylinux1_x86_64.manylinux2014_x86_64.manylinux_2_17_x86_64.manylinux_2_5_x86_64.whl (122 kB)
Using cached preshed-3.0.13-cp39-cp39-manylinux2014_x86_64.manylinux_2_17_x86_64.whl (780 kB)
Using cached pydantic-1.10.26-cp39-cp39-manylinux2014_x86_64.manylinux_2_17_x86_64.whl (2.9 MB)
Using cached smart_open-6.4.0-py3-none-any.whl (57 kB)
Using cached spacy_legacy-3.0.12-py2.py3-none-any.whl (29 kB)
Using cached spacy_loggers-1.0.5-py3-none-any.whl (22 kB)
Using cached srsly-2.5.3-cp39-cp39-manylinux2014_x86_64.manylinux_2_17_x86_64.whl (1.1 MB)
Using cached thinc-8.1.12-cp39-cp39-manylinux_2_17_x86_64.manylinux2014_x86_64.whl (935 kB)
Using cached blis-0.7.11-cp39-cp39-manylinux_2_17_x86_64.manylinux2014_x86_64.whl (10.2 MB)
Using cached confection-0.1.5-py3-none-any.whl (35 kB)
Using cached tqdm-4.67.3-py3-none-any.whl (78 kB)
Using cached typer-0.9.4-py3-none-any.whl (45 kB)
Using cached click-8.1.8-py3-none-any.whl (98 kB)
Using cached wasabi-1.1.3-py3-none-any.whl (27 kB)
Using cached pathy-0.11.0-py3-none-any.whl (47 kB)
Using cached pathlib_abc-0.1.1-py3-none-any.whl (23 kB)
Installing collected packages: wasabi, tqdm, spacy-loggers, spacy-legacy, smart-open, pydantic, pathlib-abc, murmurhash, langcodes, cymem, click, catalogue, blis, typer, srsly, preshed, pathy, confection, thinc, spacy

Successfully installed blis-0.7.11 catalogue-2.0.10 click-8.1.8 confection-0.1.5 cymem-2.0.13 langcodes-3.5.1 murmurhash-1.0.15 pathlib-abc-0.1.1 pathy-0.11.0 preshed-3.0.13 pydantic-1.10.26 smart-open-6.4.0 spacy-3.5.4 spacy-legacy-3.0.12 spacy-loggers-1.0.5 srsly-2.5.3 thinc-8.1.12 tqdm-4.67.3 typer-0.9.4 wasabi-1.1.3
WARNING: Running pip as the 'root' user can result in broken permissions and conflicting behaviour with the system package manager, possibly rendering your system unusable. It is recommended to use a virtual environment instead: https://pip.pypa.io/warnings/venv. Use the --root-user-action option if you know what you are doing and want to suppress this warning.

[notice] A new release of pip is available: 25.3 -> 26.0.1
[notice] To update, run: pip install --upgrade pip
+ python -m pip install spacy==3.5.4
Collecting spacy==3.5.4
  Using cached spacy-3.5.4-cp39-cp39-manylinux_2_17_x86_64.manylinux2014_x86_64.whl.metadata (25 kB)
Collecting spacy-legacy<3.1.0,>=3.0.11 (from spacy==3.5.4)
  Using cached spacy_legacy-3.0.12-py2.py3-none-any.whl.metadata (2.8 kB)
Collecting spacy-loggers<2.0.0,>=1.0.0 (from spacy==3.5.4)
  Using cached spacy_loggers-1.0.5-py3-none-any.whl.metadata (23 kB)
Collecting murmurhash<1.1.0,>=0.28.0 (from spacy==3.5.4)
  Using cached murmurhash-1.0.15-cp39-cp39-manylinux1_x86_64.manylinux2014_x86_64.manylinux_2_17_x86_64.manylinux_2_5_x86_64.whl.metadata (2.3 kB)
Collecting cymem<2.1.0,>=2.0.2 (from spacy==3.5.4)
  Using cached cymem-2.0.13-cp39-cp39-manylinux2014_x86_64.manylinux_2_17_x86_64.whl.metadata (9.7 kB)
Collecting preshed<3.1.0,>=3.0.2 (from spacy==3.5.4)
  Using cached preshed-3.0.13-cp39-cp39-manylinux2014_x86_64.manylinux_2_17_x86_64.whl.metadata (5.2 kB)
Collecting thinc<8.2.0,>=8.1.8 (from spacy==3.5.4)
  Using cached thinc-8.1.12-cp39-cp39-manylinux_2_17_x86_64.manylinux2014_x86_64.whl.metadata (15 kB)
Collecting wasabi<1.2.0,>=0.9.1 (from spacy==3.5.4)
  Using cached wasabi-1.1.3-py3-none-any.whl.metadata (28 kB)
Collecting srsly<3.0.0,>=2.4.3 (from spacy==3.5.4)
  Using cached srsly-2.5.3-cp39-cp39-manylinux2014_x86_64.manylinux_2_17_x86_64.whl.metadata (19 kB)
Collecting catalogue<2.1.0,>=2.0.6 (from spacy==3.5.4)
  Using cached catalogue-2.0.10-py3-none-any.whl.metadata (14 kB)
Collecting typer<0.10.0,>=0.3.0 (from spacy==3.5.4)
  Using cached typer-0.9.4-py3-none-any.whl.metadata (14 kB)
Collecting pathy>=0.10.0 (from spacy==3.5.4)
  Using cached pathy-0.11.0-py3-none-any.whl.metadata (16 kB)
Collecting smart-open<7.0.0,>=5.2.1 (from spacy==3.5.4)
  Using cached smart_open-6.4.0-py3-none-any.whl.metadata (21 kB)
Collecting tqdm<5.0.0,>=4.38.0 (from spacy==3.5.4)
  Using cached tqdm-4.67.3-py3-none-any.whl.metadata (57 kB)
Requirement already satisfied: numpy>=1.15.0 in /venv/RVCD/lib/python3.9/site-packages (from spacy==3.5.4) (1.26.4)
Requirement already satisfied: requests<3.0.0,>=2.13.0 in /venv/RVCD/lib/python3.9/site-packages (from spacy==3.5.4) (2.28.1)
Collecting pydantic!=1.8,!=1.8.1,<1.11.0,>=1.7.4 (from spacy==3.5.4)
  Using cached pydantic-1.10.26-cp39-cp39-manylinux2014_x86_64.manylinux_2_17_x86_64.whl.metadata (155 kB)
Requirement already satisfied: jinja2 in /venv/RVCD/lib/python3.9/site-packages (from spacy==3.5.4) (3.1.6)
Requirement already satisfied: setuptools in /venv/RVCD/lib/python3.9/site-packages (from spacy==3.5.4) (80.10.2)
Requirement already satisfied: packaging>=20.0 in /venv/RVCD/lib/python3.9/site-packages (from spacy==3.5.4) (26.2)
Collecting langcodes<4.0.0,>=3.2.0 (from spacy==3.5.4)
  Using cached langcodes-3.5.1-py3-none-any.whl.metadata (30 kB)
Requirement already satisfied: typing-extensions>=4.2.0 in /venv/RVCD/lib/python3.9/site-packages (from pydantic!=1.8,!=1.8.1,<1.11.0,>=1.7.4->spacy==3.5.4) (4.15.0)
Requirement already satisfied: charset-normalizer<3,>=2 in /venv/RVCD/lib/python3.9/site-packages (from requests<3.0.0,>=2.13.0->spacy==3.5.4) (2.1.1)
Requirement already satisfied: idna<4,>=2.5 in /venv/RVCD/lib/python3.9/site-packages (from requests<3.0.0,>=2.13.0->spacy==3.5.4) (3.4)
Requirement already satisfied: urllib3<1.27,>=1.21.1 in /venv/RVCD/lib/python3.9/site-packages (from requests<3.0.0,>=2.13.0->spacy==3.5.4) (1.26.13)
Requirement already satisfied: certifi>=2017.4.17 in /venv/RVCD/lib/python3.9/site-packages (from requests<3.0.0,>=2.13.0->spacy==3.5.4) (2022.12.7)
Collecting blis<0.8.0,>=0.7.8 (from thinc<8.2.0,>=8.1.8->spacy==3.5.4)
  Using cached blis-0.7.11-cp39-cp39-manylinux_2_17_x86_64.manylinux2014_x86_64.whl.metadata (7.4 kB)
Collecting confection<1.0.0,>=0.0.1 (from thinc<8.2.0,>=8.1.8->spacy==3.5.4)
  Using cached confection-0.1.5-py3-none-any.whl.metadata (19 kB)
Collecting click<9.0.0,>=7.1.1 (from typer<0.10.0,>=0.3.0->spacy==3.5.4)
  Using cached click-8.1.8-py3-none-any.whl.metadata (2.3 kB)
Collecting pathlib-abc==0.1.1 (from pathy>=0.10.0->spacy==3.5.4)
  Using cached pathlib_abc-0.1.1-py3-none-any.whl.metadata (18 kB)
Requirement already satisfied: MarkupSafe>=2.0 in /venv/RVCD/lib/python3.9/site-packages (from jinja2->spacy==3.5.4) (3.0.2)
Using cached spacy-3.5.4-cp39-cp39-manylinux_2_17_x86_64.manylinux2014_x86_64.whl (6.6 MB)
Using cached catalogue-2.0.10-py3-none-any.whl (17 kB)
Using cached cymem-2.0.13-cp39-cp39-manylinux2014_x86_64.manylinux_2_17_x86_64.whl (229 kB)
Using cached langcodes-3.5.1-py3-none-any.whl (183 kB)
Using cached murmurhash-1.0.15-cp39-cp39-manylinux1_x86_64.manylinux2014_x86_64.manylinux_2_17_x86_64.manylinux_2_5_x86_64.whl (122 kB)
Using cached preshed-3.0.13-cp39-cp39-manylinux2014_x86_64.manylinux_2_17_x86_64.whl (780 kB)
Using cached pydantic-1.10.26-cp39-cp39-manylinux2014_x86_64.manylinux_2_17_x86_64.whl (2.9 MB)
Using cached smart_open-6.4.0-py3-none-any.whl (57 kB)
Using cached spacy_legacy-3.0.12-py2.py3-none-any.whl (29 kB)
Using cached spacy_loggers-1.0.5-py3-none-any.whl (22 kB)
Using cached srsly-2.5.3-cp39-cp39-manylinux2014_x86_64.manylinux_2_17_x86_64.whl (1.1 MB)
Using cached thinc-8.1.12-cp39-cp39-manylinux_2_17_x86_64.manylinux2014_x86_64.whl (935 kB)
Using cached blis-0.7.11-cp39-cp39-manylinux_2_17_x86_64.manylinux2014_x86_64.whl (10.2 MB)
Using cached confection-0.1.5-py3-none-any.whl (35 kB)
Using cached tqdm-4.67.3-py3-none-any.whl (78 kB)
Using cached typer-0.9.4-py3-none-any.whl (45 kB)
Using cached click-8.1.8-py3-none-any.whl (98 kB)
Using cached wasabi-1.1.3-py3-none-any.whl (27 kB)
Using cached pathy-0.11.0-py3-none-any.whl (47 kB)
Using cached pathlib_abc-0.1.1-py3-none-any.whl (23 kB)
Installing collected packages: wasabi, tqdm, spacy-loggers, spacy-legacy, smart-open, pydantic, pathlib-abc, murmurhash, langcodes, cymem, click, catalogue, blis, typer, srsly, preshed, pathy, confection, thinc, spacy

Successfully installed blis-0.7.11 catalogue-2.0.10 click-8.1.8 confection-0.1.5 cymem-2.0.13 langcodes-3.5.1 murmurhash-1.0.15 pathlib-abc-0.1.1 pathy-0.11.0 preshed-3.0.13 pydantic-1.10.26 smart-open-6.4.0 spacy-3.5.4 spacy-legacy-3.0.12 spacy-loggers-1.0.5 srsly-2.5.3 thinc-8.1.12 tqdm-4.67.3 typer-0.9.4 wasabi-1.1.3
WARNING: Running pip as the 'root' user can result in broken permissions and conflicting behaviour with the system package manager, possibly rendering your system unusable. It is recommended to use a virtual environment instead: https://pip.pypa.io/warnings/venv. Use the --root-user-action option if you know what you are doing and want to suppress this warning.

[notice] A new release of pip is available: 25.3 -> 26.0.1
[notice] To update, run: pip install --upgrade pip
+ python -m pip install spacy==3.5.4
Collecting spacy==3.5.4
  Using cached spacy-3.5.4-cp39-cp39-manylinux_2_17_x86_64.manylinux2014_x86_64.whl.metadata (25 kB)
Collecting spacy-legacy<3.1.0,>=3.0.11 (from spacy==3.5.4)
  Using cached spacy_legacy-3.0.12-py2.py3-none-any.whl.metadata (2.8 kB)
Collecting spacy-loggers<2.0.0,>=1.0.0 (from spacy==3.5.4)
  Using cached spacy_loggers-1.0.5-py3-none-any.whl.metadata (23 kB)
Collecting murmurhash<1.1.0,>=0.28.0 (from spacy==3.5.4)
  Using cached murmurhash-1.0.15-cp39-cp39-manylinux1_x86_64.manylinux2014_x86_64.manylinux_2_17_x86_64.manylinux_2_5_x86_64.whl.metadata (2.3 kB)
Collecting cymem<2.1.0,>=2.0.2 (from spacy==3.5.4)
  Using cached cymem-2.0.13-cp39-cp39-manylinux2014_x86_64.manylinux_2_17_x86_64.whl.metadata (9.7 kB)
Collecting preshed<3.1.0,>=3.0.2 (from spacy==3.5.4)
  Using cached preshed-3.0.13-cp39-cp39-manylinux2014_x86_64.manylinux_2_17_x86_64.whl.metadata (5.2 kB)
Collecting thinc<8.2.0,>=8.1.8 (from spacy==3.5.4)
  Using cached thinc-8.1.12-cp39-cp39-manylinux_2_17_x86_64.manylinux2014_x86_64.whl.metadata (15 kB)
Collecting wasabi<1.2.0,>=0.9.1 (from spacy==3.5.4)
  Using cached wasabi-1.1.3-py3-none-any.whl.metadata (28 kB)
Collecting srsly<3.0.0,>=2.4.3 (from spacy==3.5.4)
  Using cached srsly-2.5.3-cp39-cp39-manylinux2014_x86_64.manylinux_2_17_x86_64.whl.metadata (19 kB)
Collecting catalogue<2.1.0,>=2.0.6 (from spacy==3.5.4)
  Using cached catalogue-2.0.10-py3-none-any.whl.metadata (14 kB)
Collecting typer<0.10.0,>=0.3.0 (from spacy==3.5.4)
  Using cached typer-0.9.4-py3-none-any.whl.metadata (14 kB)
Collecting pathy>=0.10.0 (from spacy==3.5.4)
  Using cached pathy-0.11.0-py3-none-any.whl.metadata (16 kB)
Collecting smart-open<7.0.0,>=5.2.1 (from spacy==3.5.4)
  Using cached smart_open-6.4.0-py3-none-any.whl.metadata (21 kB)
Collecting tqdm<5.0.0,>=4.38.0 (from spacy==3.5.4)
  Using cached tqdm-4.67.3-py3-none-any.whl.metadata (57 kB)
Requirement already satisfied: numpy>=1.15.0 in /venv/RVCD/lib/python3.9/site-packages (from spacy==3.5.4) (1.26.4)
Requirement already satisfied: requests<3.0.0,>=2.13.0 in /venv/RVCD/lib/python3.9/site-packages (from spacy==3.5.4) (2.28.1)
Collecting pydantic!=1.8,!=1.8.1,<1.11.0,>=1.7.4 (from spacy==3.5.4)
  Using cached pydantic-1.10.26-cp39-cp39-manylinux2014_x86_64.manylinux_2_17_x86_64.whl.metadata (155 kB)
Requirement already satisfied: jinja2 in /venv/RVCD/lib/python3.9/site-packages (from spacy==3.5.4) (3.1.6)
Requirement already satisfied: setuptools in /venv/RVCD/lib/python3.9/site-packages (from spacy==3.5.4) (80.10.2)
Requirement already satisfied: packaging>=20.0 in /venv/RVCD/lib/python3.9/site-packages (from spacy==3.5.4) (26.2)
Collecting langcodes<4.0.0,>=3.2.0 (from spacy==3.5.4)
  Using cached langcodes-3.5.1-py3-none-any.whl.metadata (30 kB)
Requirement already satisfied: typing-extensions>=4.2.0 in /venv/RVCD/lib/python3.9/site-packages (from pydantic!=1.8,!=1.8.1,<1.11.0,>=1.7.4->spacy==3.5.4) (4.15.0)
Requirement already satisfied: charset-normalizer<3,>=2 in /venv/RVCD/lib/python3.9/site-packages (from requests<3.0.0,>=2.13.0->spacy==3.5.4) (2.1.1)
Requirement already satisfied: idna<4,>=2.5 in /venv/RVCD/lib/python3.9/site-packages (from requests<3.0.0,>=2.13.0->spacy==3.5.4) (3.4)
Requirement already satisfied: urllib3<1.27,>=1.21.1 in /venv/RVCD/lib/python3.9/site-packages (from requests<3.0.0,>=2.13.0->spacy==3.5.4) (1.26.13)
Requirement already satisfied: certifi>=2017.4.17 in /venv/RVCD/lib/python3.9/site-packages (from requests<3.0.0,>=2.13.0->spacy==3.5.4) (2022.12.7)
Collecting blis<0.8.0,>=0.7.8 (from thinc<8.2.0,>=8.1.8->spacy==3.5.4)
  Using cached blis-0.7.11-cp39-cp39-manylinux_2_17_x86_64.manylinux2014_x86_64.whl.metadata (7.4 kB)
Collecting confection<1.0.0,>=0.0.1 (from thinc<8.2.0,>=8.1.8->spacy==3.5.4)
  Using cached confection-0.1.5-py3-none-any.whl.metadata (19 kB)
Collecting click<9.0.0,>=7.1.1 (from typer<0.10.0,>=0.3.0->spacy==3.5.4)
  Using cached click-8.1.8-py3-none-any.whl.metadata (2.3 kB)
Collecting pathlib-abc==0.1.1 (from pathy>=0.10.0->spacy==3.5.4)
  Using cached pathlib_abc-0.1.1-py3-none-any.whl.metadata (18 kB)
Requirement already satisfied: MarkupSafe>=2.0 in /venv/RVCD/lib/python3.9/site-packages (from jinja2->spacy==3.5.4) (3.0.2)
Using cached spacy-3.5.4-cp39-cp39-manylinux_2_17_x86_64.manylinux2014_x86_64.whl (6.6 MB)
Using cached catalogue-2.0.10-py3-none-any.whl (17 kB)
Using cached cymem-2.0.13-cp39-cp39-manylinux2014_x86_64.manylinux_2_17_x86_64.whl (229 kB)
Using cached langcodes-3.5.1-py3-none-any.whl (183 kB)
Using cached murmurhash-1.0.15-cp39-cp39-manylinux1_x86_64.manylinux2014_x86_64.manylinux_2_17_x86_64.manylinux_2_5_x86_64.whl (122 kB)
Using cached preshed-3.0.13-cp39-cp39-manylinux2014_x86_64.manylinux_2_17_x86_64.whl (780 kB)
Using cached pydantic-1.10.26-cp39-cp39-manylinux2014_x86_64.manylinux_2_17_x86_64.whl (2.9 MB)
Using cached smart_open-6.4.0-py3-none-any.whl (57 kB)
Using cached spacy_legacy-3.0.12-py2.py3-none-any.whl (29 kB)
Using cached spacy_loggers-1.0.5-py3-none-any.whl (22 kB)
Using cached srsly-2.5.3-cp39-cp39-manylinux2014_x86_64.manylinux_2_17_x86_64.whl (1.1 MB)
Using cached thinc-8.1.12-cp39-cp39-manylinux_2_17_x86_64.manylinux2014_x86_64.whl (935 kB)
Using cached blis-0.7.11-cp39-cp39-manylinux_2_17_x86_64.manylinux2014_x86_64.whl (10.2 MB)
Using cached confection-0.1.5-py3-none-any.whl (35 kB)
Using cached tqdm-4.67.3-py3-none-any.whl (78 kB)
Using cached typer-0.9.4-py3-none-any.whl (45 kB)
Using cached click-8.1.8-py3-none-any.whl (98 kB)
Using cached wasabi-1.1.3-py3-none-any.whl (27 kB)
Using cached pathy-0.11.0-py3-none-any.whl (47 kB)
Using cached pathlib_abc-0.1.1-py3-none-any.whl (23 kB)
Installing collected packages: wasabi, tqdm, spacy-loggers, spacy-legacy, smart-open, pydantic, pathlib-abc, murmurhash, langcodes, cymem, click, catalogue, blis, typer, srsly, preshed, pathy, confection, thinc, spacy

Successfully installed blis-0.7.11 catalogue-2.0.10 click-8.1.8 confection-0.1.5 cymem-2.0.13 langcodes-3.5.1 murmurhash-1.0.15 pathlib-abc-0.1.1 pathy-0.11.0 preshed-3.0.13 pydantic-1.10.26 smart-open-6.4.0 spacy-3.5.4 spacy-legacy-3.0.12 spacy-loggers-1.0.5 srsly-2.5.3 thinc-8.1.12 tqdm-4.67.3 typer-0.9.4 wasabi-1.1.3
WARNING: Running pip as the 'root' user can result in broken permissions and conflicting behaviour with the system package manager, possibly rendering your system unusable. It is recommended to use a virtual environment instead: https://pip.pypa.io/warnings/venv. Use the --root-user-action option if you know what you are doing and want to suppress this warning.

[notice] A new release of pip is available: 25.3 -> 26.0.1
[notice] To update, run: pip install --upgrade pip
+ python -m pip install spacy==3.5.4
Collecting spacy==3.5.4
  Using cached spacy-3.5.4-cp39-cp39-manylinux_2_17_x86_64.manylinux2014_x86_64.whl.metadata (25 kB)
Collecting spacy-legacy<3.1.0,>=3.0.11 (from spacy==3.5.4)
  Using cached spacy_legacy-3.0.12-py2.py3-none-any.whl.metadata (2.8 kB)
Collecting spacy-loggers<2.0.0,>=1.0.0 (from spacy==3.5.4)
  Using cached spacy_loggers-1.0.5-py3-none-any.whl.metadata (23 kB)
Collecting murmurhash<1.1.0,>=0.28.0 (from spacy==3.5.4)
  Using cached murmurhash-1.0.15-cp39-cp39-manylinux1_x86_64.manylinux2014_x86_64.manylinux_2_17_x86_64.manylinux_2_5_x86_64.whl.metadata (2.3 kB)
Collecting cymem<2.1.0,>=2.0.2 (from spacy==3.5.4)
  Using cached cymem-2.0.13-cp39-cp39-manylinux2014_x86_64.manylinux_2_17_x86_64.whl.metadata (9.7 kB)
Collecting preshed<3.1.0,>=3.0.2 (from spacy==3.5.4)
  Using cached preshed-3.0.13-cp39-cp39-manylinux2014_x86_64.manylinux_2_17_x86_64.whl.metadata (5.2 kB)
Collecting thinc<8.2.0,>=8.1.8 (from spacy==3.5.4)
  Using cached thinc-8.1.12-cp39-cp39-manylinux_2_17_x86_64.manylinux2014_x86_64.whl.metadata (15 kB)
Collecting wasabi<1.2.0,>=0.9.1 (from spacy==3.5.4)
  Using cached wasabi-1.1.3-py3-none-any.whl.metadata (28 kB)
Collecting srsly<3.0.0,>=2.4.3 (from spacy==3.5.4)
  Using cached srsly-2.5.3-cp39-cp39-manylinux2014_x86_64.manylinux_2_17_x86_64.whl.metadata (19 kB)
Collecting catalogue<2.1.0,>=2.0.6 (from spacy==3.5.4)
  Using cached catalogue-2.0.10-py3-none-any.whl.metadata (14 kB)
Collecting typer<0.10.0,>=0.3.0 (from spacy==3.5.4)
  Using cached typer-0.9.4-py3-none-any.whl.metadata (14 kB)
Collecting pathy>=0.10.0 (from spacy==3.5.4)
  Using cached pathy-0.11.0-py3-none-any.whl.metadata (16 kB)
Collecting smart-open<7.0.0,>=5.2.1 (from spacy==3.5.4)
  Using cached smart_open-6.4.0-py3-none-any.whl.metadata (21 kB)
Collecting tqdm<5.0.0,>=4.38.0 (from spacy==3.5.4)
  Using cached tqdm-4.67.3-py3-none-any.whl.metadata (57 kB)
Requirement already satisfied: numpy>=1.15.0 in /venv/RVCD/lib/python3.9/site-packages (from spacy==3.5.4) (1.26.4)
Requirement already satisfied: requests<3.0.0,>=2.13.0 in /venv/RVCD/lib/python3.9/site-packages (from spacy==3.5.4) (2.28.1)
Collecting pydantic!=1.8,!=1.8.1,<1.11.0,>=1.7.4 (from spacy==3.5.4)
  Using cached pydantic-1.10.26-cp39-cp39-manylinux2014_x86_64.manylinux_2_17_x86_64.whl.metadata (155 kB)
Requirement already satisfied: jinja2 in /venv/RVCD/lib/python3.9/site-packages (from spacy==3.5.4) (3.1.6)
Requirement already satisfied: setuptools in /venv/RVCD/lib/python3.9/site-packages (from spacy==3.5.4) (80.10.2)
Requirement already satisfied: packaging>=20.0 in /venv/RVCD/lib/python3.9/site-packages (from spacy==3.5.4) (26.2)
Collecting langcodes<4.0.0,>=3.2.0 (from spacy==3.5.4)
  Using cached langcodes-3.5.1-py3-none-any.whl.metadata (30 kB)
Requirement already satisfied: typing-extensions>=4.2.0 in /venv/RVCD/lib/python3.9/site-packages (from pydantic!=1.8,!=1.8.1,<1.11.0,>=1.7.4->spacy==3.5.4) (4.15.0)
Requirement already satisfied: charset-normalizer<3,>=2 in /venv/RVCD/lib/python3.9/site-packages (from requests<3.0.0,>=2.13.0->spacy==3.5.4) (2.1.1)
Requirement already satisfied: idna<4,>=2.5 in /venv/RVCD/lib/python3.9/site-packages (from requests<3.0.0,>=2.13.0->spacy==3.5.4) (3.4)
Requirement already satisfied: urllib3<1.27,>=1.21.1 in /venv/RVCD/lib/python3.9/site-packages (from requests<3.0.0,>=2.13.0->spacy==3.5.4) (1.26.13)
Requirement already satisfied: certifi>=2017.4.17 in /venv/RVCD/lib/python3.9/site-packages (from requests<3.0.0,>=2.13.0->spacy==3.5.4) (2022.12.7)
Collecting blis<0.8.0,>=0.7.8 (from thinc<8.2.0,>=8.1.8->spacy==3.5.4)
  Using cached blis-0.7.11-cp39-cp39-manylinux_2_17_x86_64.manylinux2014_x86_64.whl.metadata (7.4 kB)
Collecting confection<1.0.0,>=0.0.1 (from thinc<8.2.0,>=8.1.8->spacy==3.5.4)
  Using cached confection-0.1.5-py3-none-any.whl.metadata (19 kB)
Collecting click<9.0.0,>=7.1.1 (from typer<0.10.0,>=0.3.0->spacy==3.5.4)
  Using cached click-8.1.8-py3-none-any.whl.metadata (2.3 kB)
Collecting pathlib-abc==0.1.1 (from pathy>=0.10.0->spacy==3.5.4)
  Using cached pathlib_abc-0.1.1-py3-none-any.whl.metadata (18 kB)
Requirement already satisfied: MarkupSafe>=2.0 in /venv/RVCD/lib/python3.9/site-packages (from jinja2->spacy==3.5.4) (3.0.2)
Using cached spacy-3.5.4-cp39-cp39-manylinux_2_17_x86_64.manylinux2014_x86_64.whl (6.6 MB)
Using cached catalogue-2.0.10-py3-none-any.whl (17 kB)
Using cached cymem-2.0.13-cp39-cp39-manylinux2014_x86_64.manylinux_2_17_x86_64.whl (229 kB)
Using cached langcodes-3.5.1-py3-none-any.whl (183 kB)
Using cached murmurhash-1.0.15-cp39-cp39-manylinux1_x86_64.manylinux2014_x86_64.manylinux_2_17_x86_64.manylinux_2_5_x86_64.whl (122 kB)
Using cached preshed-3.0.13-cp39-cp39-manylinux2014_x86_64.manylinux_2_17_x86_64.whl (780 kB)
Using cached pydantic-1.10.26-cp39-cp39-manylinux2014_x86_64.manylinux_2_17_x86_64.whl (2.9 MB)
Using cached smart_open-6.4.0-py3-none-any.whl (57 kB)
Using cached spacy_legacy-3.0.12-py2.py3-none-any.whl (29 kB)
Using cached spacy_loggers-1.0.5-py3-none-any.whl (22 kB)
Using cached srsly-2.5.3-cp39-cp39-manylinux2014_x86_64.manylinux_2_17_x86_64.whl (1.1 MB)
Using cached thinc-8.1.12-cp39-cp39-manylinux_2_17_x86_64.manylinux2014_x86_64.whl (935 kB)
Using cached blis-0.7.11-cp39-cp39-manylinux_2_17_x86_64.manylinux2014_x86_64.whl (10.2 MB)
Using cached confection-0.1.5-py3-none-any.whl (35 kB)
Using cached tqdm-4.67.3-py3-none-any.whl (78 kB)
Using cached typer-0.9.4-py3-none-any.whl (45 kB)
Using cached click-8.1.8-py3-none-any.whl (98 kB)
Using cached wasabi-1.1.3-py3-none-any.whl (27 kB)
Using cached pathy-0.11.0-py3-none-any.whl (47 kB)
Using cached pathlib_abc-0.1.1-py3-none-any.whl (23 kB)
Installing collected packages: wasabi, tqdm, spacy-loggers, spacy-legacy, smart-open, pydantic, pathlib-abc, murmurhash, langcodes, cymem, click, catalogue, blis, typer, srsly, preshed, pathy, confection, thinc, spacy

Successfully installed blis-0.7.11 catalogue-2.0.10 click-8.1.8 confection-0.1.5 cymem-2.0.13 langcodes-3.5.1 murmurhash-1.0.15 pathlib-abc-0.1.1 pathy-0.11.0 preshed-3.0.13 pydantic-1.10.26 smart-open-6.4.0 spacy-3.5.4 spacy-legacy-3.0.12 spacy-loggers-1.0.5 srsly-2.5.3 thinc-8.1.12 tqdm-4.67.3 typer-0.9.4 wasabi-1.1.3
WARNING: Running pip as the 'root' user can result in broken permissions and conflicting behaviour with the system package manager, possibly rendering your system unusable. It is recommended to use a virtual environment instead: https://pip.pypa.io/warnings/venv. Use the --root-user-action option if you know what you are doing and want to suppress this warning.

[notice] A new release of pip is available: 25.3 -> 26.0.1
[notice] To update, run: pip install --upgrade pip
